Archive member included to satisfy reference by file (symbol)

C:/Program Files (x86)/Arm GNU Toolchain arm-none-eabi/14.2 rel1/bin/../lib/gcc/arm-none-eabi/14.2.1/thumb/v6-m/nofp\libgcc.a(_udivsi3.o)
                              firmware/grbl/print.o (__aeabi_uidiv)
C:/Program Files (x86)/Arm GNU Toolchain arm-none-eabi/14.2 rel1/bin/../lib/gcc/arm-none-eabi/14.2.1/thumb/v6-m/nofp\libgcc.a(_dvmd_tls.o)
                              C:/Program Files (x86)/Arm GNU Toolchain arm-none-eabi/14.2 rel1/bin/../lib/gcc/arm-none-eabi/14.2.1/thumb/v6-m/nofp\libgcc.a(_udivsi3.o) (__aeabi_idiv0)
C:/Program Files (x86)/Arm GNU Toolchain arm-none-eabi/14.2 rel1/bin/../lib/gcc/arm-none-eabi/14.2.1/thumb/v6-m/nofp\libgcc.a(_arm_cmpdf2.o)
                              firmware/grbl/math_soft.o (__aeabi_dcmpeq)
C:/Program Files (x86)/Arm GNU Toolchain arm-none-eabi/14.2 rel1/bin/../lib/gcc/arm-none-eabi/14.2.1/thumb/v6-m/nofp\libgcc.a(_arm_cmpsf2.o)
                              firmware/grbl/gcode.o (__aeabi_fcmpeq)
C:/Program Files (x86)/Arm GNU Toolchain arm-none-eabi/14.2 rel1/bin/../lib/gcc/arm-none-eabi/14.2.1/thumb/v6-m/nofp\libgcc.a(_fixunssfsi.o)
                              firmware/grbl/stepper.o (__aeabi_f2uiz)
C:/Program Files (x86)/Arm GNU Toolchain arm-none-eabi/14.2 rel1/bin/../lib/gcc/arm-none-eabi/14.2.1/thumb/v6-m/nofp\libgcc.a(_fixunsdfsi.o)
                              firmware/grbl/gcode.o (__aeabi_d2uiz)
C:/Program Files (x86)/Arm GNU Toolchain arm-none-eabi/14.2 rel1/bin/../lib/gcc/arm-none-eabi/14.2.1/thumb/v6-m/nofp\libgcc.a(addsf3.o)
                              firmware/grbl/gcode.o (__aeabi_fadd)
C:/Program Files (x86)/Arm GNU Toolchain arm-none-eabi/14.2 rel1/bin/../lib/gcc/arm-none-eabi/14.2.1/thumb/v6-m/nofp\libgcc.a(divsf3.o)
                              firmware/grbl/math_soft.o (__aeabi_fdiv)
C:/Program Files (x86)/Arm GNU Toolchain arm-none-eabi/14.2 rel1/bin/../lib/gcc/arm-none-eabi/14.2.1/thumb/v6-m/nofp\libgcc.a(eqsf2.o)
                              C:/Program Files (x86)/Arm GNU Toolchain arm-none-eabi/14.2 rel1/bin/../lib/gcc/arm-none-eabi/14.2.1/thumb/v6-m/nofp\libgcc.a(_arm_cmpsf2.o) (__eqsf2)
C:/Program Files (x86)/Arm GNU Toolchain arm-none-eabi/14.2 rel1/bin/../lib/gcc/arm-none-eabi/14.2.1/thumb/v6-m/nofp\libgcc.a(gesf2.o)
                              C:/Program Files (x86)/Arm GNU Toolchain arm-none-eabi/14.2 rel1/bin/../lib/gcc/arm-none-eabi/14.2.1/thumb/v6-m/nofp\libgcc.a(_arm_cmpsf2.o) (__gesf2)
C:/Program Files (x86)/Arm GNU Toolchain arm-none-eabi/14.2 rel1/bin/../lib/gcc/arm-none-eabi/14.2.1/thumb/v6-m/nofp\libgcc.a(lesf2.o)
                              C:/Program Files (x86)/Arm GNU Toolchain arm-none-eabi/14.2 rel1/bin/../lib/gcc/arm-none-eabi/14.2.1/thumb/v6-m/nofp\libgcc.a(_arm_cmpsf2.o) (__lesf2)
C:/Program Files (x86)/Arm GNU Toolchain arm-none-eabi/14.2 rel1/bin/../lib/gcc/arm-none-eabi/14.2.1/thumb/v6-m/nofp\libgcc.a(mulsf3.o)
                              firmware/grbl/gcode.o (__aeabi_fmul)
C:/Program Files (x86)/Arm GNU Toolchain arm-none-eabi/14.2 rel1/bin/../lib/gcc/arm-none-eabi/14.2.1/thumb/v6-m/nofp\libgcc.a(subsf3.o)
                              firmware/grbl/gcode.o (__aeabi_fsub)
C:/Program Files (x86)/Arm GNU Toolchain arm-none-eabi/14.2 rel1/bin/../lib/gcc/arm-none-eabi/14.2.1/thumb/v6-m/nofp\libgcc.a(fixsfsi.o)
                              firmware/grbl/math_soft.o (__aeabi_f2iz)
C:/Program Files (x86)/Arm GNU Toolchain arm-none-eabi/14.2 rel1/bin/../lib/gcc/arm-none-eabi/14.2.1/thumb/v6-m/nofp\libgcc.a(floatsisf.o)
                              firmware/grbl/gcode.o (__aeabi_i2f)
C:/Program Files (x86)/Arm GNU Toolchain arm-none-eabi/14.2 rel1/bin/../lib/gcc/arm-none-eabi/14.2.1/thumb/v6-m/nofp\libgcc.a(floatunsisf.o)
                              firmware/grbl/nuts_bolts.o (__aeabi_ui2f)
C:/Program Files (x86)/Arm GNU Toolchain arm-none-eabi/14.2 rel1/bin/../lib/gcc/arm-none-eabi/14.2.1/thumb/v6-m/nofp\libgcc.a(adddf3.o)
                              firmware/grbl/math_soft.o (__aeabi_dadd)
C:/Program Files (x86)/Arm GNU Toolchain arm-none-eabi/14.2 rel1/bin/../lib/gcc/arm-none-eabi/14.2.1/thumb/v6-m/nofp\libgcc.a(divdf3.o)
                              firmware/grbl/gcode.o (__aeabi_ddiv)
C:/Program Files (x86)/Arm GNU Toolchain arm-none-eabi/14.2 rel1/bin/../lib/gcc/arm-none-eabi/14.2.1/thumb/v6-m/nofp\libgcc.a(eqdf2.o)
                              C:/Program Files (x86)/Arm GNU Toolchain arm-none-eabi/14.2 rel1/bin/../lib/gcc/arm-none-eabi/14.2.1/thumb/v6-m/nofp\libgcc.a(_arm_cmpdf2.o) (__eqdf2)
C:/Program Files (x86)/Arm GNU Toolchain arm-none-eabi/14.2 rel1/bin/../lib/gcc/arm-none-eabi/14.2.1/thumb/v6-m/nofp\libgcc.a(gedf2.o)
                              C:/Program Files (x86)/Arm GNU Toolchain arm-none-eabi/14.2 rel1/bin/../lib/gcc/arm-none-eabi/14.2.1/thumb/v6-m/nofp\libgcc.a(_arm_cmpdf2.o) (__gedf2)
C:/Program Files (x86)/Arm GNU Toolchain arm-none-eabi/14.2 rel1/bin/../lib/gcc/arm-none-eabi/14.2.1/thumb/v6-m/nofp\libgcc.a(ledf2.o)
                              C:/Program Files (x86)/Arm GNU Toolchain arm-none-eabi/14.2 rel1/bin/../lib/gcc/arm-none-eabi/14.2.1/thumb/v6-m/nofp\libgcc.a(_arm_cmpdf2.o) (__ledf2)
C:/Program Files (x86)/Arm GNU Toolchain arm-none-eabi/14.2 rel1/bin/../lib/gcc/arm-none-eabi/14.2.1/thumb/v6-m/nofp\libgcc.a(muldf3.o)
                              firmware/grbl/gcode.o (__aeabi_dmul)
C:/Program Files (x86)/Arm GNU Toolchain arm-none-eabi/14.2 rel1/bin/../lib/gcc/arm-none-eabi/14.2.1/thumb/v6-m/nofp\libgcc.a(subdf3.o)
                              firmware/grbl/gcode.o (__aeabi_dsub)
C:/Program Files (x86)/Arm GNU Toolchain arm-none-eabi/14.2 rel1/bin/../lib/gcc/arm-none-eabi/14.2.1/thumb/v6-m/nofp\libgcc.a(fixdfsi.o)
                              firmware/grbl/gcode.o (__aeabi_d2iz)
C:/Program Files (x86)/Arm GNU Toolchain arm-none-eabi/14.2 rel1/bin/../lib/gcc/arm-none-eabi/14.2.1/thumb/v6-m/nofp\libgcc.a(floatsidf.o)
                              firmware/grbl/math_soft.o (__aeabi_i2d)
C:/Program Files (x86)/Arm GNU Toolchain arm-none-eabi/14.2 rel1/bin/../lib/gcc/arm-none-eabi/14.2.1/thumb/v6-m/nofp\libgcc.a(floatunsidf.o)
                              firmware/grbl/limits.o (__aeabi_ui2d)
C:/Program Files (x86)/Arm GNU Toolchain arm-none-eabi/14.2 rel1/bin/../lib/gcc/arm-none-eabi/14.2.1/thumb/v6-m/nofp\libgcc.a(extendsfdf2.o)
                              firmware/grbl/gcode.o (__aeabi_f2d)
C:/Program Files (x86)/Arm GNU Toolchain arm-none-eabi/14.2 rel1/bin/../lib/gcc/arm-none-eabi/14.2.1/thumb/v6-m/nofp\libgcc.a(truncdfsf2.o)
                              firmware/grbl/gcode.o (__aeabi_d2f)
C:/Program Files (x86)/Arm GNU Toolchain arm-none-eabi/14.2 rel1/bin/../lib/gcc/arm-none-eabi/14.2.1/thumb/v6-m/nofp\libgcc.a(_clzsi2.o)
                              C:/Program Files (x86)/Arm GNU Toolchain arm-none-eabi/14.2 rel1/bin/../lib/gcc/arm-none-eabi/14.2.1/thumb/v6-m/nofp\libgcc.a(addsf3.o) (__clzsi2)
C:/Program Files (x86)/Arm GNU Toolchain arm-none-eabi/14.2 rel1/bin/../lib/gcc/arm-none-eabi/14.2.1/thumb/v6-m/nofp\libc.a(libc_a-labs.o)
                              firmware/grbl/planner.o (labs)
C:/Program Files (x86)/Arm GNU Toolchain arm-none-eabi/14.2 rel1/bin/../lib/gcc/arm-none-eabi/14.2.1/thumb/v6-m/nofp\libc.a(libc_a-memset.o)
                              firmware/grbl/gcode.o (memset)
C:/Program Files (x86)/Arm GNU Toolchain arm-none-eabi/14.2 rel1/bin/../lib/gcc/arm-none-eabi/14.2.1/thumb/v6-m/nofp\libc.a(libc_a-memcpy-stub.o)
                              firmware/grbl/gcode.o (memcpy)

There are no discarded input sections

Memory Configuration

Name             Origin             Length             Attributes
FLASH            0x08000000         0x00080000         xr
RAM              0x20000000         0x00024000         xrw
*default*        0x00000000         0xffffffff

Linker script and memory map

                0x20024000                        _estack = (ORIGIN (RAM) + LENGTH (RAM))
                0x0800d2e8                        _sidata = LOADADDR (.data)
                0x20000000                        _sdata = .
                0x20000000                        _edata = .
                0x20000000                        _sbss = .
                0x20000650                        _ebss = .

.isr_vector     0x08000000       0xc0
                0x08000000                        . = ALIGN (0x4)
 *(.isr_vector)
 .isr_vector    0x08000000       0xc0 firmware/boards/btt_skr_mini_e3_v3_0/startup.o
                0x08000000                g_pfnVectors

.text           0x080000c0     0xd228
                0x080000c0                        . = ALIGN (0x4)
 *(.text*)
 .text          0x080000c0        0x0 firmware/boards/btt_skr_mini_e3_v3_0/startup.o
 .text.Reset_Handler
                0x080000c0       0x48 firmware/boards/btt_skr_mini_e3_v3_0/startup.o
                0x080000c0                Reset_Handler
                0x080000ee                Default_Handler
 .text          0x08000108       0x70 firmware/grbl/coolant_control.o
                0x08000108                coolant_init
                0x0800011a                coolant_stop
                0x08000128                coolant_set_state
                0x08000146                coolant_run
 .text          0x08000178      0x148 firmware/grbl/eeprom.o
                0x08000178                eeprom_get_char
                0x0800018e                eeprom_put_char
                0x080001b2                memcpy_to_eeprom_with_checksum
                0x08000230                memcpy_from_eeprom_with_checksum
 .text          0x080002c0     0x1c40 firmware/grbl/gcode.o
                0x080002c0                gc_init
                0x080002f8                gc_sync_position
                0x08000374                gc_execute_line
 .text          0x08001f00      0x6d8 firmware/grbl/limits.o
                0x08001f00                limits_init
                0x08001f24                limits_disable
                0x08001f2e                limits_get_state
                0x08001fc4                limits_triggered
                0x08002004                limits_go_home
                0x080024f0                limits_soft_check
 .text          0x080025d8       0xa0 firmware/grbl/main.o
                0x080025d8                main
 .text          0x08002678      0xbb8 firmware/grbl/math_soft.o
                0x08002678                trunc
                0x080026dc                truncf
                0x0800272a                ceil
                0x0800278a                ceilf
                0x080027da                sqrt
                0x080028b0                sqrtf
                0x0800293c                round
                0x080029b0                roundf
                0x08002a06                fabs
                0x08002a42                fabsf
                0x08002a6a                lround
                0x08002ac8                lroundf
                0x08002b0e                floor
                0x08002b6e                floorf
                0x08002c34                sin
                0x08002d1c                sinf
                0x08002dd0                cos
                0x08002e08                cos_approx
                0x08002ee0                atan
                0x08002fe8                atan2
                0x080030dc                atanf
                0x0800317c                atan2f
 .text          0x08003230      0x894 firmware/grbl/motion_control.o
                0x08003230                mc_line
                0x0800329c                mc_arc
                0x080037e8                mc_dwell
                0x080038b8                mc_homing_cycle
                0x080038ec                mc_probe_cycle
                0x08003a2c                mc_reset
 .text          0x08003ac4      0x280 firmware/grbl/nuts_bolts.o
                0x08003ac4                read_float
                0x08003cf0                hypot_f
 .text          0x08003d44      0xa48 firmware/grbl/planner.o
                0x08003d44                plan_next_block_index
                0x08003ff4                plan_reset
                0x08004038                plan_discard_current_block
                0x0800408c                plan_get_current_block
                0x080040c0                plan_get_exec_block_exit_speed
                0x0800412c                plan_check_full_buffer
                0x08004150                plan_buffer_line
                0x080046e0                plan_sync_position
                0x0800472c                plan_get_block_buffer_count
                0x08004768                plan_cycle_reinitialize
 .text          0x0800478c      0x514 firmware/grbl/print.o
                0x0800478c                printString
                0x080047b6                printPgmString
                0x080047ec                print_unsigned_int8
                0x08004920                print_uint8_base2
                0x08004942                print_uint8_base10
                0x08004994                print_uint32_base10
                0x08004a20                printInteger
                0x08004a50                printFloat
                0x08004bcc                printFloat_CoordValue
                0x08004c28                printFloat_RateValue
                0x08004c84                printFloat_SettingValue
 .text          0x08004ca0       0xd0 firmware/grbl/probe.o
                0x08004ca0                probe_init
                0x08004cae                probe_configure_invert_mask
                0x08004d00                probe_get_state
                0x08004d20                probe_state_monitor
 .text          0x08004d70      0x590 firmware/grbl/protocol.o
                0x08004ddc                protocol_main_loop
                0x08004f44                protocol_execute_realtime
                0x080052a8                protocol_buffer_synchronize
                0x080052d8                protocol_auto_cycle_start
 .text          0x08005300      0xe68 firmware/grbl/report.o
                0x08005300                report_status_message
                0x08005434                report_alarm_message
                0x080054c8                report_feedback_message
                0x0800557c                report_init_message
                0x08005594                report_grbl_help
                0x080055ac                report_grbl_settings
                0x080059d8                report_probe_parameters
                0x08005a80                report_ngc_parameters
                0x08005bf8                report_gcode_modes
                0x08005e38                report_startup_line
                0x08005e84                report_build_info
                0x08005eb4                report_echo_line_received
                0x08005ee4                report_realtime_status
 .text          0x08006168      0x2f8 firmware/grbl/serial.o
                0x08006168                serial_get_rx_buffer_count
                0x080061b0                serial_get_tx_buffer_count
                0x080061f8                serial_init
                0x08006206                serial_write
                0x08006280                serial_data_can_send
                0x080062ec                serial_read
                0x08006350                serial_data_received
                0x08006444                serial_reset_read_buffer
 .text          0x08006460      0x788 firmware/grbl/settings.o
                0x08006460                settings_store_startup_line
                0x0800649a                settings_store_build_info
                0x080064bc                settings_write_coord_data
                0x080064f6                write_global_settings
                0x08006518                settings_restore
                0x08006688                settings_read_startup_line
                0x080066e0                settings_read_build_info
                0x08006718                settings_read_coord_data
                0x08006776                read_global_settings
                0x080067b8                settings_store_global_setting
                0x08006b3c                settings_init
                0x08006b5e                get_step_pin_mask
                0x08006b8c                get_direction_pin_mask
                0x08006bba                get_limit_pin_mask
 .text          0x08006be8       0x98 firmware/grbl/spindle_control.o
                0x08006be8                spindle_init
                0x08006bfa                spindle_stop
                0x08006c08                spindle_set_state
                0x08006c48                spindle_run
 .text          0x08006c80      0xf08 firmware/grbl/stepper.o
                0x08006c80                st_wake_up
                0x08006ce8                st_go_idle
                0x08006d6c                timer_1_interrupt
                0x0800701c                timer_0_interrupt
                0x08007026                st_generate_step_dir_invert_masks
                0x080070d0                st_reset
                0x0800713c                stepper_init
                0x0800714a                st_update_plan_block_parameters
                0x08007188                st_prep_buffer
 .text          0x08007b88      0x6a0 firmware/grbl/system.o
                0x08007b88                system_init
                0x08007b96                pin_changed
                0x08007c08                system_check_safety_door_ajar
                0x08007c14                system_execute_startup
                0x08007c82                system_execute_line
                0x08008194                system_convert_axis_steps_to_mpos
                0x080081d8                system_convert_array_steps_to_mpos
 .text          0x08008228      0x234 firmware/boards/btt_skr_mini_e3_v3_0/clock.o
                0x08008348                init_clock
                0x0800841c                get_systick
                0x08008444                SysTick_Handler
 .text          0x0800845c       0xc0 firmware/boards/btt_skr_mini_e3_v3_0/coolant_control_hal.o
                0x0800845c                coolant_stop_hal
                0x08008484                coolant_init_hal
                0x080084d4                coolant_set_state_hal
 .text          0x0800851c      0x40c firmware/boards/btt_skr_mini_e3_v3_0/eeprom_hal.o
                0x0800851c                i2c1_master_init
                0x08008788                at24c32_write_byte
                0x080087ec                at24c32_read_byte
                0x08008854                init_eeprom
                0x080088e4                eeprom_get_char_hal
                0x08008900                eeprom_put_char_hal
 .text          0x08008928      0x118 firmware/boards/btt_skr_mini_e3_v3_0/hal.o
                0x08008928                interrupts_enable
                0x08008936                interrupts_disable
                0x08008944                init_gpio
                0x08008a00                board_init_hal
                0x08008a36                system_init_hal
 .text          0x08008a40       0x24 firmware/boards/btt_skr_mini_e3_v3_0/irq.o
                0x08008a40                disable_irq
                0x08008a4c                enable_irq
                0x08008a58                wait_for_interrupt
 .text          0x08008a64      0x124 firmware/boards/btt_skr_mini_e3_v3_0/limits_hal.o
                0x08008a64                limits_init_hal
                0x08008b20                limits_get_state_hal
                0x08008b2c                EXTI0_1_IRQHandler
                0x08008b64                EXTI2_3_IRQHandler
 .text          0x08008b88       0x16 firmware/boards/btt_skr_mini_e3_v3_0/probe_hal.o
                0x08008b88                probe_init_hal
                0x08008b92                probe_get_state_hal
 *fill*         0x08008b9e        0x2 
 .text          0x08008ba0      0x180 firmware/boards/btt_skr_mini_e3_v3_0/serial_hal.o
                0x08008ba0                serial_init_hal
                0x08008c64                serial_tx_enable_hal
                0x08008c80                serial_tx_disable_hal
                0x08008c9c                USART2_IRQHandler
                0x08008cfc                USART3_4_LPUART1_IRQHandler
 .text          0x08008d20       0x88 firmware/boards/btt_skr_mini_e3_v3_0/spindle_control_hal.o
                0x08008d20                spindle_stop_hal
                0x08008d40                spindle_init_hal
                0x08008d70                spindle_set_state_hal
 .text          0x08008da8       0x14 firmware/boards/btt_skr_mini_e3_v3_0/stepper_hal.o
                0x08008da8                stepper_init_hal
                0x08008db2                steppers_enable_hal
 .text          0x08008dbc      0x2d8 firmware/boards/btt_skr_mini_e3_v3_0/timers.o
                0x08008dbc                delay_ms
                0x08008e14                timer_init
                0x08008ecc                timer6_init
                0x08008f08                timer7_init
                0x08008f44                timer14_init
                0x08008f74                set_timer_interval
                0x08008fb4                set_timer6_interval
                0x08008fd4                set_timer7_interval
                0x08008ff4                set_timer14_interval
                0x08009014                TIM6_DAC_IRQHandler
                0x08009038                TIM7_IRQHandler
                0x08009070                TIM14_IRQHandler
 .text          0x08009094      0x114 C:/Program Files (x86)/Arm GNU Toolchain arm-none-eabi/14.2 rel1/bin/../lib/gcc/arm-none-eabi/14.2.1/thumb/v6-m/nofp\libgcc.a(_udivsi3.o)
                0x08009094                __aeabi_uidiv
                0x08009094                __udivsi3
                0x080091a0                __aeabi_uidivmod
 .text          0x080091a8        0x4 C:/Program Files (x86)/Arm GNU Toolchain arm-none-eabi/14.2 rel1/bin/../lib/gcc/arm-none-eabi/14.2.1/thumb/v6-m/nofp\libgcc.a(_dvmd_tls.o)
                0x080091a8                __aeabi_idiv0
                0x080091a8                __aeabi_ldiv0
 .text          0x080091ac       0x7c C:/Program Files (x86)/Arm GNU Toolchain arm-none-eabi/14.2 rel1/bin/../lib/gcc/arm-none-eabi/14.2.1/thumb/v6-m/nofp\libgcc.a(_arm_cmpdf2.o)
                0x080091ac                __aeabi_cdrcmple
                0x080091bc                __aeabi_cdcmple
                0x080091bc                __aeabi_cdcmpeq
                0x080091cc                __aeabi_dcmpeq
                0x080091d8                __aeabi_dcmplt
                0x080091ec                __aeabi_dcmple
                0x08009200                __aeabi_dcmpgt
                0x08009214                __aeabi_dcmpge
 .text          0x08009228       0x74 C:/Program Files (x86)/Arm GNU Toolchain arm-none-eabi/14.2 rel1/bin/../lib/gcc/arm-none-eabi/14.2.1/thumb/v6-m/nofp\libgcc.a(_arm_cmpsf2.o)
                0x08009228                __aeabi_cfrcmple
                0x08009230                __aeabi_cfcmpeq
                0x08009230                __aeabi_cfcmple
                0x08009240                __aeabi_fcmpeq
                0x0800924c                __aeabi_fcmplt
                0x08009260                __aeabi_fcmple
                0x08009274                __aeabi_fcmpgt
                0x08009288                __aeabi_fcmpge
 .text          0x0800929c        0x0 C:/Program Files (x86)/Arm GNU Toolchain arm-none-eabi/14.2 rel1/bin/../lib/gcc/arm-none-eabi/14.2.1/thumb/v6-m/nofp\libgcc.a(_fixunssfsi.o)
 .text.__fixunssfsi
                0x0800929c       0x30 C:/Program Files (x86)/Arm GNU Toolchain arm-none-eabi/14.2 rel1/bin/../lib/gcc/arm-none-eabi/14.2.1/thumb/v6-m/nofp\libgcc.a(_fixunssfsi.o)
                0x0800929c                __fixunssfsi
                0x0800929c                __aeabi_f2uiz
 .text          0x080092cc        0x0 C:/Program Files (x86)/Arm GNU Toolchain arm-none-eabi/14.2 rel1/bin/../lib/gcc/arm-none-eabi/14.2.1/thumb/v6-m/nofp\libgcc.a(_fixunsdfsi.o)
 .text.__fixunsdfsi
                0x080092cc       0x3c C:/Program Files (x86)/Arm GNU Toolchain arm-none-eabi/14.2 rel1/bin/../lib/gcc/arm-none-eabi/14.2.1/thumb/v6-m/nofp\libgcc.a(_fixunsdfsi.o)
                0x080092cc                __aeabi_d2uiz
                0x080092cc                __fixunsdfsi
 .text          0x08009308        0x0 C:/Program Files (x86)/Arm GNU Toolchain arm-none-eabi/14.2 rel1/bin/../lib/gcc/arm-none-eabi/14.2.1/thumb/v6-m/nofp\libgcc.a(addsf3.o)
 .text.__aeabi_fadd
                0x08009308      0x41c C:/Program Files (x86)/Arm GNU Toolchain arm-none-eabi/14.2 rel1/bin/../lib/gcc/arm-none-eabi/14.2.1/thumb/v6-m/nofp\libgcc.a(addsf3.o)
                0x08009308                __aeabi_fadd
 .text          0x08009724        0x0 C:/Program Files (x86)/Arm GNU Toolchain arm-none-eabi/14.2 rel1/bin/../lib/gcc/arm-none-eabi/14.2.1/thumb/v6-m/nofp\libgcc.a(divsf3.o)
 .text.__aeabi_fdiv
                0x08009724      0x22c C:/Program Files (x86)/Arm GNU Toolchain arm-none-eabi/14.2 rel1/bin/../lib/gcc/arm-none-eabi/14.2.1/thumb/v6-m/nofp\libgcc.a(divsf3.o)
                0x08009724                __aeabi_fdiv
 .text          0x08009950        0x0 C:/Program Files (x86)/Arm GNU Toolchain arm-none-eabi/14.2 rel1/bin/../lib/gcc/arm-none-eabi/14.2.1/thumb/v6-m/nofp\libgcc.a(eqsf2.o)
 .text.__eqsf2  0x08009950       0x50 C:/Program Files (x86)/Arm GNU Toolchain arm-none-eabi/14.2 rel1/bin/../lib/gcc/arm-none-eabi/14.2.1/thumb/v6-m/nofp\libgcc.a(eqsf2.o)
                0x08009950                __eqsf2
                0x08009950                __nesf2
 .text          0x080099a0        0x0 C:/Program Files (x86)/Arm GNU Toolchain arm-none-eabi/14.2 rel1/bin/../lib/gcc/arm-none-eabi/14.2.1/thumb/v6-m/nofp\libgcc.a(gesf2.o)
 .text.__gesf2  0x080099a0       0x90 C:/Program Files (x86)/Arm GNU Toolchain arm-none-eabi/14.2 rel1/bin/../lib/gcc/arm-none-eabi/14.2.1/thumb/v6-m/nofp\libgcc.a(gesf2.o)
                0x080099a0                __gesf2
                0x080099a0                __gtsf2
 .text          0x08009a30        0x0 C:/Program Files (x86)/Arm GNU Toolchain arm-none-eabi/14.2 rel1/bin/../lib/gcc/arm-none-eabi/14.2.1/thumb/v6-m/nofp\libgcc.a(lesf2.o)
 .text.__lesf2  0x08009a30       0x90 C:/Program Files (x86)/Arm GNU Toolchain arm-none-eabi/14.2 rel1/bin/../lib/gcc/arm-none-eabi/14.2.1/thumb/v6-m/nofp\libgcc.a(lesf2.o)
                0x08009a30                __ltsf2
                0x08009a30                __lesf2
 .text          0x08009ac0        0x0 C:/Program Files (x86)/Arm GNU Toolchain arm-none-eabi/14.2 rel1/bin/../lib/gcc/arm-none-eabi/14.2.1/thumb/v6-m/nofp\libgcc.a(mulsf3.o)
 .text.__aeabi_fmul
                0x08009ac0      0x2a4 C:/Program Files (x86)/Arm GNU Toolchain arm-none-eabi/14.2 rel1/bin/../lib/gcc/arm-none-eabi/14.2.1/thumb/v6-m/nofp\libgcc.a(mulsf3.o)
                0x08009ac0                __aeabi_fmul
 .text          0x08009d64        0x0 C:/Program Files (x86)/Arm GNU Toolchain arm-none-eabi/14.2 rel1/bin/../lib/gcc/arm-none-eabi/14.2.1/thumb/v6-m/nofp\libgcc.a(subsf3.o)
 .text.__aeabi_fsub
                0x08009d64      0x484 C:/Program Files (x86)/Arm GNU Toolchain arm-none-eabi/14.2 rel1/bin/../lib/gcc/arm-none-eabi/14.2.1/thumb/v6-m/nofp\libgcc.a(subsf3.o)
                0x08009d64                __aeabi_fsub
 .text          0x0800a1e8        0x0 C:/Program Files (x86)/Arm GNU Toolchain arm-none-eabi/14.2 rel1/bin/../lib/gcc/arm-none-eabi/14.2.1/thumb/v6-m/nofp\libgcc.a(fixsfsi.o)
 .text.__aeabi_f2iz
                0x0800a1e8       0x40 C:/Program Files (x86)/Arm GNU Toolchain arm-none-eabi/14.2 rel1/bin/../lib/gcc/arm-none-eabi/14.2.1/thumb/v6-m/nofp\libgcc.a(fixsfsi.o)
                0x0800a1e8                __aeabi_f2iz
 .text          0x0800a228        0x0 C:/Program Files (x86)/Arm GNU Toolchain arm-none-eabi/14.2 rel1/bin/../lib/gcc/arm-none-eabi/14.2.1/thumb/v6-m/nofp\libgcc.a(floatsisf.o)
 .text.__aeabi_i2f
                0x0800a228       0xa0 C:/Program Files (x86)/Arm GNU Toolchain arm-none-eabi/14.2 rel1/bin/../lib/gcc/arm-none-eabi/14.2.1/thumb/v6-m/nofp\libgcc.a(floatsisf.o)
                0x0800a228                __aeabi_i2f
 .text          0x0800a2c8        0x0 C:/Program Files (x86)/Arm GNU Toolchain arm-none-eabi/14.2 rel1/bin/../lib/gcc/arm-none-eabi/14.2.1/thumb/v6-m/nofp\libgcc.a(floatunsisf.o)
 .text.__aeabi_ui2f
                0x0800a2c8       0x8c C:/Program Files (x86)/Arm GNU Toolchain arm-none-eabi/14.2 rel1/bin/../lib/gcc/arm-none-eabi/14.2.1/thumb/v6-m/nofp\libgcc.a(floatunsisf.o)
                0x0800a2c8                __aeabi_ui2f
 .text          0x0800a354        0x0 C:/Program Files (x86)/Arm GNU Toolchain arm-none-eabi/14.2 rel1/bin/../lib/gcc/arm-none-eabi/14.2.1/thumb/v6-m/nofp\libgcc.a(adddf3.o)
 .text.__aeabi_dadd
                0x0800a354      0x834 C:/Program Files (x86)/Arm GNU Toolchain arm-none-eabi/14.2 rel1/bin/../lib/gcc/arm-none-eabi/14.2.1/thumb/v6-m/nofp\libgcc.a(adddf3.o)
                0x0800a354                __aeabi_dadd
 .text          0x0800ab88        0x0 C:/Program Files (x86)/Arm GNU Toolchain arm-none-eabi/14.2 rel1/bin/../lib/gcc/arm-none-eabi/14.2.1/thumb/v6-m/nofp\libgcc.a(divdf3.o)
 .text.__aeabi_ddiv
                0x0800ab88      0x63c C:/Program Files (x86)/Arm GNU Toolchain arm-none-eabi/14.2 rel1/bin/../lib/gcc/arm-none-eabi/14.2.1/thumb/v6-m/nofp\libgcc.a(divdf3.o)
                0x0800ab88                __aeabi_ddiv
 .text          0x0800b1c4        0x0 C:/Program Files (x86)/Arm GNU Toolchain arm-none-eabi/14.2 rel1/bin/../lib/gcc/arm-none-eabi/14.2.1/thumb/v6-m/nofp\libgcc.a(eqdf2.o)
 .text.__eqdf2  0x0800b1c4       0x8c C:/Program Files (x86)/Arm GNU Toolchain arm-none-eabi/14.2 rel1/bin/../lib/gcc/arm-none-eabi/14.2.1/thumb/v6-m/nofp\libgcc.a(eqdf2.o)
                0x0800b1c4                __nedf2
                0x0800b1c4                __eqdf2
 .text          0x0800b250        0x0 C:/Program Files (x86)/Arm GNU Toolchain arm-none-eabi/14.2 rel1/bin/../lib/gcc/arm-none-eabi/14.2.1/thumb/v6-m/nofp\libgcc.a(gedf2.o)
 .text.__gedf2  0x0800b250       0xe0 C:/Program Files (x86)/Arm GNU Toolchain arm-none-eabi/14.2 rel1/bin/../lib/gcc/arm-none-eabi/14.2.1/thumb/v6-m/nofp\libgcc.a(gedf2.o)
                0x0800b250                __gedf2
                0x0800b250                __gtdf2
 .text          0x0800b330        0x0 C:/Program Files (x86)/Arm GNU Toolchain arm-none-eabi/14.2 rel1/bin/../lib/gcc/arm-none-eabi/14.2.1/thumb/v6-m/nofp\libgcc.a(ledf2.o)
 .text.__ledf2  0x0800b330       0xdc C:/Program Files (x86)/Arm GNU Toolchain arm-none-eabi/14.2 rel1/bin/../lib/gcc/arm-none-eabi/14.2.1/thumb/v6-m/nofp\libgcc.a(ledf2.o)
                0x0800b330                __ledf2
                0x0800b330                __ltdf2
 .text          0x0800b40c        0x0 C:/Program Files (x86)/Arm GNU Toolchain arm-none-eabi/14.2 rel1/bin/../lib/gcc/arm-none-eabi/14.2.1/thumb/v6-m/nofp\libgcc.a(muldf3.o)
 .text.__aeabi_dmul
                0x0800b40c      0x590 C:/Program Files (x86)/Arm GNU Toolchain arm-none-eabi/14.2 rel1/bin/../lib/gcc/arm-none-eabi/14.2.1/thumb/v6-m/nofp\libgcc.a(muldf3.o)
                0x0800b40c                __aeabi_dmul
 .text          0x0800b99c        0x0 C:/Program Files (x86)/Arm GNU Toolchain arm-none-eabi/14.2 rel1/bin/../lib/gcc/arm-none-eabi/14.2.1/thumb/v6-m/nofp\libgcc.a(subdf3.o)
 .text.__aeabi_dsub
                0x0800b99c      0x870 C:/Program Files (x86)/Arm GNU Toolchain arm-none-eabi/14.2 rel1/bin/../lib/gcc/arm-none-eabi/14.2.1/thumb/v6-m/nofp\libgcc.a(subdf3.o)
                0x0800b99c                __aeabi_dsub
 .text          0x0800c20c        0x0 C:/Program Files (x86)/Arm GNU Toolchain arm-none-eabi/14.2 rel1/bin/../lib/gcc/arm-none-eabi/14.2.1/thumb/v6-m/nofp\libgcc.a(fixdfsi.o)
 .text.__aeabi_d2iz
                0x0800c20c       0x78 C:/Program Files (x86)/Arm GNU Toolchain arm-none-eabi/14.2 rel1/bin/../lib/gcc/arm-none-eabi/14.2.1/thumb/v6-m/nofp\libgcc.a(fixdfsi.o)
                0x0800c20c                __aeabi_d2iz
 .text          0x0800c284        0x0 C:/Program Files (x86)/Arm GNU Toolchain arm-none-eabi/14.2 rel1/bin/../lib/gcc/arm-none-eabi/14.2.1/thumb/v6-m/nofp\libgcc.a(floatsidf.o)
 .text.__aeabi_i2d
                0x0800c284       0x5c C:/Program Files (x86)/Arm GNU Toolchain arm-none-eabi/14.2 rel1/bin/../lib/gcc/arm-none-eabi/14.2.1/thumb/v6-m/nofp\libgcc.a(floatsidf.o)
                0x0800c284                __aeabi_i2d
 .text          0x0800c2e0        0x0 C:/Program Files (x86)/Arm GNU Toolchain arm-none-eabi/14.2 rel1/bin/../lib/gcc/arm-none-eabi/14.2.1/thumb/v6-m/nofp\libgcc.a(floatunsidf.o)
 .text.__aeabi_ui2d
                0x0800c2e0       0x48 C:/Program Files (x86)/Arm GNU Toolchain arm-none-eabi/14.2 rel1/bin/../lib/gcc/arm-none-eabi/14.2.1/thumb/v6-m/nofp\libgcc.a(floatunsidf.o)
                0x0800c2e0                __aeabi_ui2d
 .text          0x0800c328        0x0 C:/Program Files (x86)/Arm GNU Toolchain arm-none-eabi/14.2 rel1/bin/../lib/gcc/arm-none-eabi/14.2.1/thumb/v6-m/nofp\libgcc.a(extendsfdf2.o)
 .text.__aeabi_f2d
                0x0800c328       0x90 C:/Program Files (x86)/Arm GNU Toolchain arm-none-eabi/14.2 rel1/bin/../lib/gcc/arm-none-eabi/14.2.1/thumb/v6-m/nofp\libgcc.a(extendsfdf2.o)
                0x0800c328                __aeabi_f2d
 .text          0x0800c3b8        0x0 C:/Program Files (x86)/Arm GNU Toolchain arm-none-eabi/14.2 rel1/bin/../lib/gcc/arm-none-eabi/14.2.1/thumb/v6-m/nofp\libgcc.a(truncdfsf2.o)
 .text.__aeabi_d2f
                0x0800c3b8      0x110 C:/Program Files (x86)/Arm GNU Toolchain arm-none-eabi/14.2 rel1/bin/../lib/gcc/arm-none-eabi/14.2.1/thumb/v6-m/nofp\libgcc.a(truncdfsf2.o)
                0x0800c3b8                __aeabi_d2f
 .text          0x0800c4c8       0x3c C:/Program Files (x86)/Arm GNU Toolchain arm-none-eabi/14.2 rel1/bin/../lib/gcc/arm-none-eabi/14.2.1/thumb/v6-m/nofp\libgcc.a(_clzsi2.o)
                0x0800c4c8                __clzsi2
 .text          0x0800c504        0x0 C:/Program Files (x86)/Arm GNU Toolchain arm-none-eabi/14.2 rel1/bin/../lib/gcc/arm-none-eabi/14.2.1/thumb/v6-m/nofp\libc.a(libc_a-labs.o)
 .text.labs     0x0800c504        0x8 C:/Program Files (x86)/Arm GNU Toolchain arm-none-eabi/14.2 rel1/bin/../lib/gcc/arm-none-eabi/14.2.1/thumb/v6-m/nofp\libc.a(libc_a-labs.o)
                0x0800c504                labs
 .text          0x0800c50c        0x0 C:/Program Files (x86)/Arm GNU Toolchain arm-none-eabi/14.2 rel1/bin/../lib/gcc/arm-none-eabi/14.2.1/thumb/v6-m/nofp\libc.a(libc_a-memset.o)
 .text.memset   0x0800c50c       0x94 C:/Program Files (x86)/Arm GNU Toolchain arm-none-eabi/14.2 rel1/bin/../lib/gcc/arm-none-eabi/14.2.1/thumb/v6-m/nofp\libc.a(libc_a-memset.o)
                0x0800c50c                memset
 .text          0x0800c5a0        0x0 C:/Program Files (x86)/Arm GNU Toolchain arm-none-eabi/14.2 rel1/bin/../lib/gcc/arm-none-eabi/14.2.1/thumb/v6-m/nofp\libc.a(libc_a-memcpy-stub.o)
 .text.memcpy   0x0800c5a0       0xac C:/Program Files (x86)/Arm GNU Toolchain arm-none-eabi/14.2 rel1/bin/../lib/gcc/arm-none-eabi/14.2.1/thumb/v6-m/nofp\libc.a(libc_a-memcpy-stub.o)
                0x0800c5a0                memcpy
 *(.rodata*)
 .rodata        0x0800c64c      0x2d0 firmware/grbl/gcode.o
 .rodata        0x0800c91c      0x8a0 firmware/grbl/report.o
 .rodata        0x0800d1bc       0x70 firmware/grbl/settings.o
 .rodata.__aeabi_fdiv
                0x0800d22c       0x7c C:/Program Files (x86)/Arm GNU Toolchain arm-none-eabi/14.2 rel1/bin/../lib/gcc/arm-none-eabi/14.2.1/thumb/v6-m/nofp\libgcc.a(divsf3.o)
 .rodata.__aeabi_ddiv
                0x0800d2a8       0x40 C:/Program Files (x86)/Arm GNU Toolchain arm-none-eabi/14.2 rel1/bin/../lib/gcc/arm-none-eabi/14.2.1/thumb/v6-m/nofp\libgcc.a(divdf3.o)
                0x0800d2e8                        . = ALIGN (0x4)
                0x0800d2e8                        _etext = .

.glue_7         0x0800d2e8        0x0
 .glue_7        0x0800d2e8        0x0 linker stubs

.glue_7t        0x0800d2e8        0x0
 .glue_7t       0x0800d2e8        0x0 linker stubs

.vfp11_veneer   0x0800d2e8        0x0
 .vfp11_veneer  0x0800d2e8        0x0 linker stubs

.v4_bx          0x0800d2e8        0x0
 .v4_bx         0x0800d2e8        0x0 linker stubs

.iplt           0x0800d2e8        0x0
 .iplt          0x0800d2e8        0x0 firmware/boards/btt_skr_mini_e3_v3_0/startup.o

.rel.dyn        0x0800d2e8        0x0
 .rel.iplt      0x0800d2e8        0x0 firmware/boards/btt_skr_mini_e3_v3_0/startup.o

.data           0x20000000        0x0 load address 0x0800d2e8
                0x20000000                        . = ALIGN (0x4)
                0x20000000                        _sdata = .
                0x0800d2e8                        _sidata = LOADADDR (.data)
 *(.data*)
 .data          0x20000000        0x0 firmware/boards/btt_skr_mini_e3_v3_0/startup.o
 .data          0x20000000        0x0 firmware/grbl/coolant_control.o
 .data          0x20000000        0x0 firmware/grbl/eeprom.o
 .data          0x20000000        0x0 firmware/grbl/gcode.o
 .data          0x20000000        0x0 firmware/grbl/limits.o
 .data          0x20000000        0x0 firmware/grbl/main.o
 .data          0x20000000        0x0 firmware/grbl/math_soft.o
 .data          0x20000000        0x0 firmware/grbl/motion_control.o
 .data          0x20000000        0x0 firmware/grbl/nuts_bolts.o
 .data          0x20000000        0x0 firmware/grbl/planner.o
 .data          0x20000000        0x0 firmware/grbl/print.o
 .data          0x20000000        0x0 firmware/grbl/probe.o
 .data          0x20000000        0x0 firmware/grbl/protocol.o
 .data          0x20000000        0x0 firmware/grbl/report.o
 .data          0x20000000        0x0 firmware/grbl/serial.o
 .data          0x20000000        0x0 firmware/grbl/settings.o
 .data          0x20000000        0x0 firmware/grbl/spindle_control.o
 .data          0x20000000        0x0 firmware/grbl/stepper.o
 .data          0x20000000        0x0 firmware/grbl/system.o
 .data          0x20000000        0x0 firmware/boards/btt_skr_mini_e3_v3_0/clock.o
 .data          0x20000000        0x0 firmware/boards/btt_skr_mini_e3_v3_0/coolant_control_hal.o
 .data          0x20000000        0x0 firmware/boards/btt_skr_mini_e3_v3_0/eeprom_hal.o
 .data          0x20000000        0x0 firmware/boards/btt_skr_mini_e3_v3_0/hal.o
 .data          0x20000000        0x0 firmware/boards/btt_skr_mini_e3_v3_0/irq.o
 .data          0x20000000        0x0 firmware/boards/btt_skr_mini_e3_v3_0/limits_hal.o
 .data          0x20000000        0x0 firmware/boards/btt_skr_mini_e3_v3_0/probe_hal.o
 .data          0x20000000        0x0 firmware/boards/btt_skr_mini_e3_v3_0/serial_hal.o
 .data          0x20000000        0x0 firmware/boards/btt_skr_mini_e3_v3_0/spindle_control_hal.o
 .data          0x20000000        0x0 firmware/boards/btt_skr_mini_e3_v3_0/stepper_hal.o
 .data          0x20000000        0x0 firmware/boards/btt_skr_mini_e3_v3_0/timers.o
 .data          0x20000000        0x0 C:/Program Files (x86)/Arm GNU Toolchain arm-none-eabi/14.2 rel1/bin/../lib/gcc/arm-none-eabi/14.2.1/thumb/v6-m/nofp\libgcc.a(_udivsi3.o)
 .data          0x20000000        0x0 C:/Program Files (x86)/Arm GNU Toolchain arm-none-eabi/14.2 rel1/bin/../lib/gcc/arm-none-eabi/14.2.1/thumb/v6-m/nofp\libgcc.a(_dvmd_tls.o)
 .data          0x20000000        0x0 C:/Program Files (x86)/Arm GNU Toolchain arm-none-eabi/14.2 rel1/bin/../lib/gcc/arm-none-eabi/14.2.1/thumb/v6-m/nofp\libgcc.a(_arm_cmpdf2.o)
 .data          0x20000000        0x0 C:/Program Files (x86)/Arm GNU Toolchain arm-none-eabi/14.2 rel1/bin/../lib/gcc/arm-none-eabi/14.2.1/thumb/v6-m/nofp\libgcc.a(_arm_cmpsf2.o)
 .data          0x20000000        0x0 C:/Program Files (x86)/Arm GNU Toolchain arm-none-eabi/14.2 rel1/bin/../lib/gcc/arm-none-eabi/14.2.1/thumb/v6-m/nofp\libgcc.a(_fixunssfsi.o)
 .data          0x20000000        0x0 C:/Program Files (x86)/Arm GNU Toolchain arm-none-eabi/14.2 rel1/bin/../lib/gcc/arm-none-eabi/14.2.1/thumb/v6-m/nofp\libgcc.a(_fixunsdfsi.o)
 .data          0x20000000        0x0 C:/Program Files (x86)/Arm GNU Toolchain arm-none-eabi/14.2 rel1/bin/../lib/gcc/arm-none-eabi/14.2.1/thumb/v6-m/nofp\libgcc.a(addsf3.o)
 .data          0x20000000        0x0 C:/Program Files (x86)/Arm GNU Toolchain arm-none-eabi/14.2 rel1/bin/../lib/gcc/arm-none-eabi/14.2.1/thumb/v6-m/nofp\libgcc.a(divsf3.o)
 .data          0x20000000        0x0 C:/Program Files (x86)/Arm GNU Toolchain arm-none-eabi/14.2 rel1/bin/../lib/gcc/arm-none-eabi/14.2.1/thumb/v6-m/nofp\libgcc.a(eqsf2.o)
 .data          0x20000000        0x0 C:/Program Files (x86)/Arm GNU Toolchain arm-none-eabi/14.2 rel1/bin/../lib/gcc/arm-none-eabi/14.2.1/thumb/v6-m/nofp\libgcc.a(gesf2.o)
 .data          0x20000000        0x0 C:/Program Files (x86)/Arm GNU Toolchain arm-none-eabi/14.2 rel1/bin/../lib/gcc/arm-none-eabi/14.2.1/thumb/v6-m/nofp\libgcc.a(lesf2.o)
 .data          0x20000000        0x0 C:/Program Files (x86)/Arm GNU Toolchain arm-none-eabi/14.2 rel1/bin/../lib/gcc/arm-none-eabi/14.2.1/thumb/v6-m/nofp\libgcc.a(mulsf3.o)
 .data          0x20000000        0x0 C:/Program Files (x86)/Arm GNU Toolchain arm-none-eabi/14.2 rel1/bin/../lib/gcc/arm-none-eabi/14.2.1/thumb/v6-m/nofp\libgcc.a(subsf3.o)
 .data          0x20000000        0x0 C:/Program Files (x86)/Arm GNU Toolchain arm-none-eabi/14.2 rel1/bin/../lib/gcc/arm-none-eabi/14.2.1/thumb/v6-m/nofp\libgcc.a(fixsfsi.o)
 .data          0x20000000        0x0 C:/Program Files (x86)/Arm GNU Toolchain arm-none-eabi/14.2 rel1/bin/../lib/gcc/arm-none-eabi/14.2.1/thumb/v6-m/nofp\libgcc.a(floatsisf.o)
 .data          0x20000000        0x0 C:/Program Files (x86)/Arm GNU Toolchain arm-none-eabi/14.2 rel1/bin/../lib/gcc/arm-none-eabi/14.2.1/thumb/v6-m/nofp\libgcc.a(floatunsisf.o)
 .data          0x20000000        0x0 C:/Program Files (x86)/Arm GNU Toolchain arm-none-eabi/14.2 rel1/bin/../lib/gcc/arm-none-eabi/14.2.1/thumb/v6-m/nofp\libgcc.a(adddf3.o)
 .data          0x20000000        0x0 C:/Program Files (x86)/Arm GNU Toolchain arm-none-eabi/14.2 rel1/bin/../lib/gcc/arm-none-eabi/14.2.1/thumb/v6-m/nofp\libgcc.a(divdf3.o)
 .data          0x20000000        0x0 C:/Program Files (x86)/Arm GNU Toolchain arm-none-eabi/14.2 rel1/bin/../lib/gcc/arm-none-eabi/14.2.1/thumb/v6-m/nofp\libgcc.a(eqdf2.o)
 .data          0x20000000        0x0 C:/Program Files (x86)/Arm GNU Toolchain arm-none-eabi/14.2 rel1/bin/../lib/gcc/arm-none-eabi/14.2.1/thumb/v6-m/nofp\libgcc.a(gedf2.o)
 .data          0x20000000        0x0 C:/Program Files (x86)/Arm GNU Toolchain arm-none-eabi/14.2 rel1/bin/../lib/gcc/arm-none-eabi/14.2.1/thumb/v6-m/nofp\libgcc.a(ledf2.o)
 .data          0x20000000        0x0 C:/Program Files (x86)/Arm GNU Toolchain arm-none-eabi/14.2 rel1/bin/../lib/gcc/arm-none-eabi/14.2.1/thumb/v6-m/nofp\libgcc.a(muldf3.o)
 .data          0x20000000        0x0 C:/Program Files (x86)/Arm GNU Toolchain arm-none-eabi/14.2 rel1/bin/../lib/gcc/arm-none-eabi/14.2.1/thumb/v6-m/nofp\libgcc.a(subdf3.o)
 .data          0x20000000        0x0 C:/Program Files (x86)/Arm GNU Toolchain arm-none-eabi/14.2 rel1/bin/../lib/gcc/arm-none-eabi/14.2.1/thumb/v6-m/nofp\libgcc.a(fixdfsi.o)
 .data          0x20000000        0x0 C:/Program Files (x86)/Arm GNU Toolchain arm-none-eabi/14.2 rel1/bin/../lib/gcc/arm-none-eabi/14.2.1/thumb/v6-m/nofp\libgcc.a(floatsidf.o)
 .data          0x20000000        0x0 C:/Program Files (x86)/Arm GNU Toolchain arm-none-eabi/14.2 rel1/bin/../lib/gcc/arm-none-eabi/14.2.1/thumb/v6-m/nofp\libgcc.a(floatunsidf.o)
 .data          0x20000000        0x0 C:/Program Files (x86)/Arm GNU Toolchain arm-none-eabi/14.2 rel1/bin/../lib/gcc/arm-none-eabi/14.2.1/thumb/v6-m/nofp\libgcc.a(extendsfdf2.o)
 .data          0x20000000        0x0 C:/Program Files (x86)/Arm GNU Toolchain arm-none-eabi/14.2 rel1/bin/../lib/gcc/arm-none-eabi/14.2.1/thumb/v6-m/nofp\libgcc.a(truncdfsf2.o)
 .data          0x20000000        0x0 C:/Program Files (x86)/Arm GNU Toolchain arm-none-eabi/14.2 rel1/bin/../lib/gcc/arm-none-eabi/14.2.1/thumb/v6-m/nofp\libgcc.a(_clzsi2.o)
 .data          0x20000000        0x0 C:/Program Files (x86)/Arm GNU Toolchain arm-none-eabi/14.2 rel1/bin/../lib/gcc/arm-none-eabi/14.2.1/thumb/v6-m/nofp\libc.a(libc_a-labs.o)
 .data          0x20000000        0x0 C:/Program Files (x86)/Arm GNU Toolchain arm-none-eabi/14.2 rel1/bin/../lib/gcc/arm-none-eabi/14.2.1/thumb/v6-m/nofp\libc.a(libc_a-memset.o)
 .data          0x20000000        0x0 C:/Program Files (x86)/Arm GNU Toolchain arm-none-eabi/14.2 rel1/bin/../lib/gcc/arm-none-eabi/14.2.1/thumb/v6-m/nofp\libc.a(libc_a-memcpy-stub.o)
                0x20000000                        . = ALIGN (0x4)
                0x20000000                        _edata = .

.igot.plt       0x20000000        0x0 load address 0x0800d2e8
 .igot.plt      0x20000000        0x0 firmware/boards/btt_skr_mini_e3_v3_0/startup.o

.bss            0x20000000      0x650 load address 0x0800d2e8
                0x20000000                        _sbss = .
                0x20000000                        . = ALIGN (0x4)
 *(.bss*)
 .bss           0x20000000        0x0 firmware/boards/btt_skr_mini_e3_v3_0/startup.o
 .bss           0x20000000        0x0 firmware/grbl/coolant_control.o
 .bss           0x20000000        0x0 firmware/grbl/eeprom.o
 .bss           0x20000000       0x84 firmware/grbl/gcode.o
                0x20000000                gc_state
                0x20000044                gc_block
 .bss           0x20000084        0x0 firmware/grbl/limits.o
 .bss           0x20000084       0x20 firmware/grbl/main.o
                0x20000084                sys
 .bss           0x200000a4        0x0 firmware/grbl/math_soft.o
 .bss           0x200000a4        0x0 firmware/grbl/motion_control.o
 .bss           0x200000a4        0x0 firmware/grbl/nuts_bolts.o
 .bss           0x200000a4      0x338 firmware/grbl/planner.o
 .bss           0x200003dc        0x0 firmware/grbl/print.o
 .bss           0x200003dc        0x1 firmware/grbl/probe.o
                0x200003dc                probe_invert_mask
 *fill*         0x200003dd        0x3 
 .bss           0x200003e0       0x50 firmware/grbl/protocol.o
 .bss           0x20000430        0x0 firmware/grbl/report.o
 .bss           0x20000430       0xc6 firmware/grbl/serial.o
                0x20000430                serial_rx_buffer
                0x200004b0                serial_rx_buffer_head
                0x200004b1                serial_rx_buffer_tail
                0x200004b4                serial_tx_buffer
                0x200004f4                serial_tx_buffer_head
                0x200004f5                serial_tx_buffer_tail
 *fill*         0x200004f6        0x2 
 .bss           0x200004f8       0x54 firmware/grbl/settings.o
                0x200004f8                settings
 .bss           0x2000054c        0x0 firmware/grbl/spindle_control.o
 .bss           0x2000054c       0xfc firmware/grbl/stepper.o
 .bss           0x20000648        0x3 firmware/grbl/system.o
                0x20000648                sys_probe_state
                0x20000649                sys_rt_exec_state
                0x2000064a                sys_rt_exec_alarm
 *fill*         0x2000064b        0x1 
 .bss           0x2000064c        0x4 firmware/boards/btt_skr_mini_e3_v3_0/clock.o
                0x2000064c                systick_global
 .bss           0x20000650        0x0 firmware/boards/btt_skr_mini_e3_v3_0/coolant_control_hal.o
 .bss           0x20000650        0x0 firmware/boards/btt_skr_mini_e3_v3_0/eeprom_hal.o
 .bss           0x20000650        0x0 firmware/boards/btt_skr_mini_e3_v3_0/hal.o
 .bss           0x20000650        0x0 firmware/boards/btt_skr_mini_e3_v3_0/irq.o
 .bss           0x20000650        0x0 firmware/boards/btt_skr_mini_e3_v3_0/limits_hal.o
 .bss           0x20000650        0x0 firmware/boards/btt_skr_mini_e3_v3_0/probe_hal.o
 .bss           0x20000650        0x0 firmware/boards/btt_skr_mini_e3_v3_0/serial_hal.o
 .bss           0x20000650        0x0 firmware/boards/btt_skr_mini_e3_v3_0/spindle_control_hal.o
 .bss           0x20000650        0x0 firmware/boards/btt_skr_mini_e3_v3_0/stepper_hal.o
 .bss           0x20000650        0x0 firmware/boards/btt_skr_mini_e3_v3_0/timers.o
 .bss           0x20000650        0x0 C:/Program Files (x86)/Arm GNU Toolchain arm-none-eabi/14.2 rel1/bin/../lib/gcc/arm-none-eabi/14.2.1/thumb/v6-m/nofp\libgcc.a(_udivsi3.o)
 .bss           0x20000650        0x0 C:/Program Files (x86)/Arm GNU Toolchain arm-none-eabi/14.2 rel1/bin/../lib/gcc/arm-none-eabi/14.2.1/thumb/v6-m/nofp\libgcc.a(_dvmd_tls.o)
 .bss           0x20000650        0x0 C:/Program Files (x86)/Arm GNU Toolchain arm-none-eabi/14.2 rel1/bin/../lib/gcc/arm-none-eabi/14.2.1/thumb/v6-m/nofp\libgcc.a(_arm_cmpdf2.o)
 .bss           0x20000650        0x0 C:/Program Files (x86)/Arm GNU Toolchain arm-none-eabi/14.2 rel1/bin/../lib/gcc/arm-none-eabi/14.2.1/thumb/v6-m/nofp\libgcc.a(_arm_cmpsf2.o)
 .bss           0x20000650        0x0 C:/Program Files (x86)/Arm GNU Toolchain arm-none-eabi/14.2 rel1/bin/../lib/gcc/arm-none-eabi/14.2.1/thumb/v6-m/nofp\libgcc.a(_fixunssfsi.o)
 .bss           0x20000650        0x0 C:/Program Files (x86)/Arm GNU Toolchain arm-none-eabi/14.2 rel1/bin/../lib/gcc/arm-none-eabi/14.2.1/thumb/v6-m/nofp\libgcc.a(_fixunsdfsi.o)
 .bss           0x20000650        0x0 C:/Program Files (x86)/Arm GNU Toolchain arm-none-eabi/14.2 rel1/bin/../lib/gcc/arm-none-eabi/14.2.1/thumb/v6-m/nofp\libgcc.a(addsf3.o)
 .bss           0x20000650        0x0 C:/Program Files (x86)/Arm GNU Toolchain arm-none-eabi/14.2 rel1/bin/../lib/gcc/arm-none-eabi/14.2.1/thumb/v6-m/nofp\libgcc.a(divsf3.o)
 .bss           0x20000650        0x0 C:/Program Files (x86)/Arm GNU Toolchain arm-none-eabi/14.2 rel1/bin/../lib/gcc/arm-none-eabi/14.2.1/thumb/v6-m/nofp\libgcc.a(eqsf2.o)
 .bss           0x20000650        0x0 C:/Program Files (x86)/Arm GNU Toolchain arm-none-eabi/14.2 rel1/bin/../lib/gcc/arm-none-eabi/14.2.1/thumb/v6-m/nofp\libgcc.a(gesf2.o)
 .bss           0x20000650        0x0 C:/Program Files (x86)/Arm GNU Toolchain arm-none-eabi/14.2 rel1/bin/../lib/gcc/arm-none-eabi/14.2.1/thumb/v6-m/nofp\libgcc.a(lesf2.o)
 .bss           0x20000650        0x0 C:/Program Files (x86)/Arm GNU Toolchain arm-none-eabi/14.2 rel1/bin/../lib/gcc/arm-none-eabi/14.2.1/thumb/v6-m/nofp\libgcc.a(mulsf3.o)
 .bss           0x20000650        0x0 C:/Program Files (x86)/Arm GNU Toolchain arm-none-eabi/14.2 rel1/bin/../lib/gcc/arm-none-eabi/14.2.1/thumb/v6-m/nofp\libgcc.a(subsf3.o)
 .bss           0x20000650        0x0 C:/Program Files (x86)/Arm GNU Toolchain arm-none-eabi/14.2 rel1/bin/../lib/gcc/arm-none-eabi/14.2.1/thumb/v6-m/nofp\libgcc.a(fixsfsi.o)
 .bss           0x20000650        0x0 C:/Program Files (x86)/Arm GNU Toolchain arm-none-eabi/14.2 rel1/bin/../lib/gcc/arm-none-eabi/14.2.1/thumb/v6-m/nofp\libgcc.a(floatsisf.o)
 .bss           0x20000650        0x0 C:/Program Files (x86)/Arm GNU Toolchain arm-none-eabi/14.2 rel1/bin/../lib/gcc/arm-none-eabi/14.2.1/thumb/v6-m/nofp\libgcc.a(floatunsisf.o)
 .bss           0x20000650        0x0 C:/Program Files (x86)/Arm GNU Toolchain arm-none-eabi/14.2 rel1/bin/../lib/gcc/arm-none-eabi/14.2.1/thumb/v6-m/nofp\libgcc.a(adddf3.o)
 .bss           0x20000650        0x0 C:/Program Files (x86)/Arm GNU Toolchain arm-none-eabi/14.2 rel1/bin/../lib/gcc/arm-none-eabi/14.2.1/thumb/v6-m/nofp\libgcc.a(divdf3.o)
 .bss           0x20000650        0x0 C:/Program Files (x86)/Arm GNU Toolchain arm-none-eabi/14.2 rel1/bin/../lib/gcc/arm-none-eabi/14.2.1/thumb/v6-m/nofp\libgcc.a(eqdf2.o)
 .bss           0x20000650        0x0 C:/Program Files (x86)/Arm GNU Toolchain arm-none-eabi/14.2 rel1/bin/../lib/gcc/arm-none-eabi/14.2.1/thumb/v6-m/nofp\libgcc.a(gedf2.o)
 .bss           0x20000650        0x0 C:/Program Files (x86)/Arm GNU Toolchain arm-none-eabi/14.2 rel1/bin/../lib/gcc/arm-none-eabi/14.2.1/thumb/v6-m/nofp\libgcc.a(ledf2.o)
 .bss           0x20000650        0x0 C:/Program Files (x86)/Arm GNU Toolchain arm-none-eabi/14.2 rel1/bin/../lib/gcc/arm-none-eabi/14.2.1/thumb/v6-m/nofp\libgcc.a(muldf3.o)
 .bss           0x20000650        0x0 C:/Program Files (x86)/Arm GNU Toolchain arm-none-eabi/14.2 rel1/bin/../lib/gcc/arm-none-eabi/14.2.1/thumb/v6-m/nofp\libgcc.a(subdf3.o)
 .bss           0x20000650        0x0 C:/Program Files (x86)/Arm GNU Toolchain arm-none-eabi/14.2 rel1/bin/../lib/gcc/arm-none-eabi/14.2.1/thumb/v6-m/nofp\libgcc.a(fixdfsi.o)
 .bss           0x20000650        0x0 C:/Program Files (x86)/Arm GNU Toolchain arm-none-eabi/14.2 rel1/bin/../lib/gcc/arm-none-eabi/14.2.1/thumb/v6-m/nofp\libgcc.a(floatsidf.o)
 .bss           0x20000650        0x0 C:/Program Files (x86)/Arm GNU Toolchain arm-none-eabi/14.2 rel1/bin/../lib/gcc/arm-none-eabi/14.2.1/thumb/v6-m/nofp\libgcc.a(floatunsidf.o)
 .bss           0x20000650        0x0 C:/Program Files (x86)/Arm GNU Toolchain arm-none-eabi/14.2 rel1/bin/../lib/gcc/arm-none-eabi/14.2.1/thumb/v6-m/nofp\libgcc.a(extendsfdf2.o)
 .bss           0x20000650        0x0 C:/Program Files (x86)/Arm GNU Toolchain arm-none-eabi/14.2 rel1/bin/../lib/gcc/arm-none-eabi/14.2.1/thumb/v6-m/nofp\libgcc.a(truncdfsf2.o)
 .bss           0x20000650        0x0 C:/Program Files (x86)/Arm GNU Toolchain arm-none-eabi/14.2 rel1/bin/../lib/gcc/arm-none-eabi/14.2.1/thumb/v6-m/nofp\libgcc.a(_clzsi2.o)
 .bss           0x20000650        0x0 C:/Program Files (x86)/Arm GNU Toolchain arm-none-eabi/14.2 rel1/bin/../lib/gcc/arm-none-eabi/14.2.1/thumb/v6-m/nofp\libc.a(libc_a-labs.o)
 .bss           0x20000650        0x0 C:/Program Files (x86)/Arm GNU Toolchain arm-none-eabi/14.2 rel1/bin/../lib/gcc/arm-none-eabi/14.2.1/thumb/v6-m/nofp\libc.a(libc_a-memset.o)
 .bss           0x20000650        0x0 C:/Program Files (x86)/Arm GNU Toolchain arm-none-eabi/14.2 rel1/bin/../lib/gcc/arm-none-eabi/14.2.1/thumb/v6-m/nofp\libc.a(libc_a-memcpy-stub.o)
 *(COMMON)
                0x20000650                        . = ALIGN (0x4)
                0x20000650                        _ebss = .
LOAD firmware/boards/btt_skr_mini_e3_v3_0/startup.o
LOAD firmware/grbl/coolant_control.o
LOAD firmware/grbl/eeprom.o
LOAD firmware/grbl/gcode.o
LOAD firmware/grbl/limits.o
LOAD firmware/grbl/main.o
LOAD firmware/grbl/math_soft.o
LOAD firmware/grbl/motion_control.o
LOAD firmware/grbl/nuts_bolts.o
LOAD firmware/grbl/planner.o
LOAD firmware/grbl/print.o
LOAD firmware/grbl/probe.o
LOAD firmware/grbl/protocol.o
LOAD firmware/grbl/report.o
LOAD firmware/grbl/serial.o
LOAD firmware/grbl/settings.o
LOAD firmware/grbl/spindle_control.o
LOAD firmware/grbl/stepper.o
LOAD firmware/grbl/system.o
LOAD firmware/boards/btt_skr_mini_e3_v3_0/clock.o
LOAD firmware/boards/btt_skr_mini_e3_v3_0/coolant_control_hal.o
LOAD firmware/boards/btt_skr_mini_e3_v3_0/eeprom_hal.o
LOAD firmware/boards/btt_skr_mini_e3_v3_0/hal.o
LOAD firmware/boards/btt_skr_mini_e3_v3_0/irq.o
LOAD firmware/boards/btt_skr_mini_e3_v3_0/limits_hal.o
LOAD firmware/boards/btt_skr_mini_e3_v3_0/probe_hal.o
LOAD firmware/boards/btt_skr_mini_e3_v3_0/serial_hal.o
LOAD firmware/boards/btt_skr_mini_e3_v3_0/spindle_control_hal.o
LOAD firmware/boards/btt_skr_mini_e3_v3_0/stepper_hal.o
LOAD firmware/boards/btt_skr_mini_e3_v3_0/timers.o
START GROUP
LOAD C:/Program Files (x86)/Arm GNU Toolchain arm-none-eabi/14.2 rel1/bin/../lib/gcc/arm-none-eabi/14.2.1/thumb/v6-m/nofp\libgcc.a
LOAD C:/Program Files (x86)/Arm GNU Toolchain arm-none-eabi/14.2 rel1/bin/../lib/gcc/arm-none-eabi/14.2.1/thumb/v6-m/nofp\libc.a
END GROUP
OUTPUT(firmware/grbl.elf elf32-littlearm)
LOAD linker stubs

.ARM.attributes
                0x00000000       0x2e
 .ARM.attributes
                0x00000000       0x22 firmware/boards/btt_skr_mini_e3_v3_0/startup.o
 .ARM.attributes
                0x00000022       0x2c firmware/grbl/coolant_control.o
 .ARM.attributes
                0x0000004e       0x2c firmware/grbl/eeprom.o
 .ARM.attributes
                0x0000007a       0x2c firmware/grbl/gcode.o
 .ARM.attributes
                0x000000a6       0x2c firmware/grbl/limits.o
 .ARM.attributes
                0x000000d2       0x2c firmware/grbl/main.o
 .ARM.attributes
                0x000000fe       0x2c firmware/grbl/math_soft.o
 .ARM.attributes
                0x0000012a       0x2c firmware/grbl/motion_control.o
 .ARM.attributes
                0x00000156       0x2c firmware/grbl/nuts_bolts.o
 .ARM.attributes
                0x00000182       0x2c firmware/grbl/planner.o
 .ARM.attributes
                0x000001ae       0x2c firmware/grbl/print.o
 .ARM.attributes
                0x000001da       0x2c firmware/grbl/probe.o
 .ARM.attributes
                0x00000206       0x2c firmware/grbl/protocol.o
 .ARM.attributes
                0x00000232       0x2c firmware/grbl/report.o
 .ARM.attributes
                0x0000025e       0x2c firmware/grbl/serial.o
 .ARM.attributes
                0x0000028a       0x2c firmware/grbl/settings.o
 .ARM.attributes
                0x000002b6       0x2c firmware/grbl/spindle_control.o
 .ARM.attributes
                0x000002e2       0x2c firmware/grbl/stepper.o
 .ARM.attributes
                0x0000030e       0x2c firmware/grbl/system.o
 .ARM.attributes
                0x0000033a       0x2c firmware/boards/btt_skr_mini_e3_v3_0/clock.o
 .ARM.attributes
                0x00000366       0x2c firmware/boards/btt_skr_mini_e3_v3_0/coolant_control_hal.o
 .ARM.attributes
                0x00000392       0x2c firmware/boards/btt_skr_mini_e3_v3_0/eeprom_hal.o
 .ARM.attributes
                0x000003be       0x2c firmware/boards/btt_skr_mini_e3_v3_0/hal.o
 .ARM.attributes
                0x000003ea       0x2c firmware/boards/btt_skr_mini_e3_v3_0/irq.o
 .ARM.attributes
                0x00000416       0x2c firmware/boards/btt_skr_mini_e3_v3_0/limits_hal.o
 .ARM.attributes
                0x00000442       0x2c firmware/boards/btt_skr_mini_e3_v3_0/probe_hal.o
 .ARM.attributes
                0x0000046e       0x2c firmware/boards/btt_skr_mini_e3_v3_0/serial_hal.o
 .ARM.attributes
                0x0000049a       0x2c firmware/boards/btt_skr_mini_e3_v3_0/spindle_control_hal.o
 .ARM.attributes
                0x000004c6       0x2c firmware/boards/btt_skr_mini_e3_v3_0/stepper_hal.o
 .ARM.attributes
                0x000004f2       0x2c firmware/boards/btt_skr_mini_e3_v3_0/timers.o
 .ARM.attributes
                0x0000051e       0x1e C:/Program Files (x86)/Arm GNU Toolchain arm-none-eabi/14.2 rel1/bin/../lib/gcc/arm-none-eabi/14.2.1/thumb/v6-m/nofp\libgcc.a(_udivsi3.o)
 .ARM.attributes
                0x0000053c       0x1e C:/Program Files (x86)/Arm GNU Toolchain arm-none-eabi/14.2 rel1/bin/../lib/gcc/arm-none-eabi/14.2.1/thumb/v6-m/nofp\libgcc.a(_dvmd_tls.o)
 .ARM.attributes
                0x0000055a       0x1e C:/Program Files (x86)/Arm GNU Toolchain arm-none-eabi/14.2 rel1/bin/../lib/gcc/arm-none-eabi/14.2.1/thumb/v6-m/nofp\libgcc.a(_arm_cmpdf2.o)
 .ARM.attributes
                0x00000578       0x1e C:/Program Files (x86)/Arm GNU Toolchain arm-none-eabi/14.2 rel1/bin/../lib/gcc/arm-none-eabi/14.2.1/thumb/v6-m/nofp\libgcc.a(_arm_cmpsf2.o)
 .ARM.attributes
                0x00000596       0x2c C:/Program Files (x86)/Arm GNU Toolchain arm-none-eabi/14.2 rel1/bin/../lib/gcc/arm-none-eabi/14.2.1/thumb/v6-m/nofp\libgcc.a(_fixunssfsi.o)
 .ARM.attributes
                0x000005c2       0x2c C:/Program Files (x86)/Arm GNU Toolchain arm-none-eabi/14.2 rel1/bin/../lib/gcc/arm-none-eabi/14.2.1/thumb/v6-m/nofp\libgcc.a(_fixunsdfsi.o)
 .ARM.attributes
                0x000005ee       0x2c C:/Program Files (x86)/Arm GNU Toolchain arm-none-eabi/14.2 rel1/bin/../lib/gcc/arm-none-eabi/14.2.1/thumb/v6-m/nofp\libgcc.a(addsf3.o)
 .ARM.attributes
                0x0000061a       0x2c C:/Program Files (x86)/Arm GNU Toolchain arm-none-eabi/14.2 rel1/bin/../lib/gcc/arm-none-eabi/14.2.1/thumb/v6-m/nofp\libgcc.a(divsf3.o)
 .ARM.attributes
                0x00000646       0x2c C:/Program Files (x86)/Arm GNU Toolchain arm-none-eabi/14.2 rel1/bin/../lib/gcc/arm-none-eabi/14.2.1/thumb/v6-m/nofp\libgcc.a(eqsf2.o)
 .ARM.attributes
                0x00000672       0x2c C:/Program Files (x86)/Arm GNU Toolchain arm-none-eabi/14.2 rel1/bin/../lib/gcc/arm-none-eabi/14.2.1/thumb/v6-m/nofp\libgcc.a(gesf2.o)
 .ARM.attributes
                0x0000069e       0x2c C:/Program Files (x86)/Arm GNU Toolchain arm-none-eabi/14.2 rel1/bin/../lib/gcc/arm-none-eabi/14.2.1/thumb/v6-m/nofp\libgcc.a(lesf2.o)
 .ARM.attributes
                0x000006ca       0x2c C:/Program Files (x86)/Arm GNU Toolchain arm-none-eabi/14.2 rel1/bin/../lib/gcc/arm-none-eabi/14.2.1/thumb/v6-m/nofp\libgcc.a(mulsf3.o)
 .ARM.attributes
                0x000006f6       0x2c C:/Program Files (x86)/Arm GNU Toolchain arm-none-eabi/14.2 rel1/bin/../lib/gcc/arm-none-eabi/14.2.1/thumb/v6-m/nofp\libgcc.a(subsf3.o)
 .ARM.attributes
                0x00000722       0x2c C:/Program Files (x86)/Arm GNU Toolchain arm-none-eabi/14.2 rel1/bin/../lib/gcc/arm-none-eabi/14.2.1/thumb/v6-m/nofp\libgcc.a(fixsfsi.o)
 .ARM.attributes
                0x0000074e       0x2c C:/Program Files (x86)/Arm GNU Toolchain arm-none-eabi/14.2 rel1/bin/../lib/gcc/arm-none-eabi/14.2.1/thumb/v6-m/nofp\libgcc.a(floatsisf.o)
 .ARM.attributes
                0x0000077a       0x2c C:/Program Files (x86)/Arm GNU Toolchain arm-none-eabi/14.2 rel1/bin/../lib/gcc/arm-none-eabi/14.2.1/thumb/v6-m/nofp\libgcc.a(floatunsisf.o)
 .ARM.attributes
                0x000007a6       0x2c C:/Program Files (x86)/Arm GNU Toolchain arm-none-eabi/14.2 rel1/bin/../lib/gcc/arm-none-eabi/14.2.1/thumb/v6-m/nofp\libgcc.a(adddf3.o)
 .ARM.attributes
                0x000007d2       0x2c C:/Program Files (x86)/Arm GNU Toolchain arm-none-eabi/14.2 rel1/bin/../lib/gcc/arm-none-eabi/14.2.1/thumb/v6-m/nofp\libgcc.a(divdf3.o)
 .ARM.attributes
                0x000007fe       0x2c C:/Program Files (x86)/Arm GNU Toolchain arm-none-eabi/14.2 rel1/bin/../lib/gcc/arm-none-eabi/14.2.1/thumb/v6-m/nofp\libgcc.a(eqdf2.o)
 .ARM.attributes
                0x0000082a       0x2c C:/Program Files (x86)/Arm GNU Toolchain arm-none-eabi/14.2 rel1/bin/../lib/gcc/arm-none-eabi/14.2.1/thumb/v6-m/nofp\libgcc.a(gedf2.o)
 .ARM.attributes
                0x00000856       0x2c C:/Program Files (x86)/Arm GNU Toolchain arm-none-eabi/14.2 rel1/bin/../lib/gcc/arm-none-eabi/14.2.1/thumb/v6-m/nofp\libgcc.a(ledf2.o)
 .ARM.attributes
                0x00000882       0x2c C:/Program Files (x86)/Arm GNU Toolchain arm-none-eabi/14.2 rel1/bin/../lib/gcc/arm-none-eabi/14.2.1/thumb/v6-m/nofp\libgcc.a(muldf3.o)
 .ARM.attributes
                0x000008ae       0x2c C:/Program Files (x86)/Arm GNU Toolchain arm-none-eabi/14.2 rel1/bin/../lib/gcc/arm-none-eabi/14.2.1/thumb/v6-m/nofp\libgcc.a(subdf3.o)
 .ARM.attributes
                0x000008da       0x2c C:/Program Files (x86)/Arm GNU Toolchain arm-none-eabi/14.2 rel1/bin/../lib/gcc/arm-none-eabi/14.2.1/thumb/v6-m/nofp\libgcc.a(fixdfsi.o)
 .ARM.attributes
                0x00000906       0x2c C:/Program Files (x86)/Arm GNU Toolchain arm-none-eabi/14.2 rel1/bin/../lib/gcc/arm-none-eabi/14.2.1/thumb/v6-m/nofp\libgcc.a(floatsidf.o)
 .ARM.attributes
                0x00000932       0x2c C:/Program Files (x86)/Arm GNU Toolchain arm-none-eabi/14.2 rel1/bin/../lib/gcc/arm-none-eabi/14.2.1/thumb/v6-m/nofp\libgcc.a(floatunsidf.o)
 .ARM.attributes
                0x0000095e       0x2c C:/Program Files (x86)/Arm GNU Toolchain arm-none-eabi/14.2 rel1/bin/../lib/gcc/arm-none-eabi/14.2.1/thumb/v6-m/nofp\libgcc.a(extendsfdf2.o)
 .ARM.attributes
                0x0000098a       0x2c C:/Program Files (x86)/Arm GNU Toolchain arm-none-eabi/14.2 rel1/bin/../lib/gcc/arm-none-eabi/14.2.1/thumb/v6-m/nofp\libgcc.a(truncdfsf2.o)
 .ARM.attributes
                0x000009b6       0x1e C:/Program Files (x86)/Arm GNU Toolchain arm-none-eabi/14.2 rel1/bin/../lib/gcc/arm-none-eabi/14.2.1/thumb/v6-m/nofp\libgcc.a(_clzsi2.o)
 .ARM.attributes
                0x000009d4       0x2c C:/Program Files (x86)/Arm GNU Toolchain arm-none-eabi/14.2 rel1/bin/../lib/gcc/arm-none-eabi/14.2.1/thumb/v6-m/nofp\libc.a(libc_a-labs.o)
 .ARM.attributes
                0x00000a00       0x2c C:/Program Files (x86)/Arm GNU Toolchain arm-none-eabi/14.2 rel1/bin/../lib/gcc/arm-none-eabi/14.2.1/thumb/v6-m/nofp\libc.a(libc_a-memset.o)
 .ARM.attributes
                0x00000a2c       0x2c C:/Program Files (x86)/Arm GNU Toolchain arm-none-eabi/14.2 rel1/bin/../lib/gcc/arm-none-eabi/14.2.1/thumb/v6-m/nofp\libc.a(libc_a-memcpy-stub.o)

.comment        0x00000000       0x45
 .comment       0x00000000       0x45 firmware/grbl/coolant_control.o
                                 0x46 (size before relaxing)
 .comment       0x00000045       0x46 firmware/grbl/eeprom.o
 .comment       0x00000045       0x46 firmware/grbl/gcode.o
 .comment       0x00000045       0x46 firmware/grbl/limits.o
 .comment       0x00000045       0x46 firmware/grbl/main.o
 .comment       0x00000045       0x46 firmware/grbl/math_soft.o
 .comment       0x00000045       0x46 firmware/grbl/motion_control.o
 .comment       0x00000045       0x46 firmware/grbl/nuts_bolts.o
 .comment       0x00000045       0x46 firmware/grbl/planner.o
 .comment       0x00000045       0x46 firmware/grbl/print.o
 .comment       0x00000045       0x46 firmware/grbl/probe.o
 .comment       0x00000045       0x46 firmware/grbl/protocol.o
 .comment       0x00000045       0x46 firmware/grbl/report.o
 .comment       0x00000045       0x46 firmware/grbl/serial.o
 .comment       0x00000045       0x46 firmware/grbl/settings.o
 .comment       0x00000045       0x46 firmware/grbl/spindle_control.o
 .comment       0x00000045       0x46 firmware/grbl/stepper.o
 .comment       0x00000045       0x46 firmware/grbl/system.o
 .comment       0x00000045       0x46 firmware/boards/btt_skr_mini_e3_v3_0/clock.o
 .comment       0x00000045       0x46 firmware/boards/btt_skr_mini_e3_v3_0/coolant_control_hal.o
 .comment       0x00000045       0x46 firmware/boards/btt_skr_mini_e3_v3_0/eeprom_hal.o
 .comment       0x00000045       0x46 firmware/boards/btt_skr_mini_e3_v3_0/hal.o
 .comment       0x00000045       0x46 firmware/boards/btt_skr_mini_e3_v3_0/irq.o
 .comment       0x00000045       0x46 firmware/boards/btt_skr_mini_e3_v3_0/limits_hal.o
 .comment       0x00000045       0x46 firmware/boards/btt_skr_mini_e3_v3_0/probe_hal.o
 .comment       0x00000045       0x46 firmware/boards/btt_skr_mini_e3_v3_0/serial_hal.o
 .comment       0x00000045       0x46 firmware/boards/btt_skr_mini_e3_v3_0/spindle_control_hal.o
 .comment       0x00000045       0x46 firmware/boards/btt_skr_mini_e3_v3_0/stepper_hal.o
 .comment       0x00000045       0x46 firmware/boards/btt_skr_mini_e3_v3_0/timers.o

.debug_line     0x00000000     0x5733
 .debug_line    0x00000000       0x77 firmware/boards/btt_skr_mini_e3_v3_0/startup.o
 .debug_line    0x00000077      0x111 firmware/grbl/coolant_control.o
 .debug_line    0x00000188      0x139 firmware/grbl/eeprom.o
 .debug_line    0x000002c1      0xcb9 firmware/grbl/gcode.o
 .debug_line    0x00000f7a      0x3e7 firmware/grbl/limits.o
 .debug_line    0x00001361      0x207 firmware/grbl/main.o
 .debug_line    0x00001568      0x3cb firmware/grbl/math_soft.o
 .debug_line    0x00001933      0x4d1 firmware/grbl/motion_control.o
 .debug_line    0x00001e04      0x1a7 firmware/grbl/nuts_bolts.o
 .debug_line    0x00001fab      0x55e firmware/grbl/planner.o
 .debug_line    0x00002509      0x269 firmware/grbl/print.o
 .debug_line    0x00002772      0x195 firmware/grbl/probe.o
 .debug_line    0x00002907      0x458 firmware/grbl/protocol.o
 .debug_line    0x00002d5f      0x51b firmware/grbl/report.o
 .debug_line    0x0000327a      0x1ef firmware/grbl/serial.o
 .debug_line    0x00003469      0x471 firmware/grbl/settings.o
 .debug_line    0x000038da      0x11c firmware/grbl/spindle_control.o
 .debug_line    0x000039f6      0x81e firmware/grbl/stepper.o
 .debug_line    0x00004214      0x471 firmware/grbl/system.o
 .debug_line    0x00004685      0x23c firmware/boards/btt_skr_mini_e3_v3_0/clock.o
 .debug_line    0x000048c1      0x182 firmware/boards/btt_skr_mini_e3_v3_0/coolant_control_hal.o
 .debug_line    0x00004a43      0x338 firmware/boards/btt_skr_mini_e3_v3_0/eeprom_hal.o
 .debug_line    0x00004d7b      0x155 firmware/boards/btt_skr_mini_e3_v3_0/hal.o
 .debug_line    0x00004ed0       0x6d firmware/boards/btt_skr_mini_e3_v3_0/irq.o
 .debug_line    0x00004f3d      0x1b1 firmware/boards/btt_skr_mini_e3_v3_0/limits_hal.o
 .debug_line    0x000050ee       0xdd firmware/boards/btt_skr_mini_e3_v3_0/probe_hal.o
 .debug_line    0x000051cb      0x1cf firmware/boards/btt_skr_mini_e3_v3_0/serial_hal.o
 .debug_line    0x0000539a      0x155 firmware/boards/btt_skr_mini_e3_v3_0/spindle_control_hal.o
 .debug_line    0x000054ef       0x66 firmware/boards/btt_skr_mini_e3_v3_0/stepper_hal.o
 .debug_line    0x00005555      0x1de firmware/boards/btt_skr_mini_e3_v3_0/timers.o

.debug_info     0x00000000     0x7d35
 .debug_info    0x00000000       0x26 firmware/boards/btt_skr_mini_e3_v3_0/startup.o
 .debug_info    0x00000026      0x1c3 firmware/grbl/coolant_control.o
 .debug_info    0x000001e9      0x1cb firmware/grbl/eeprom.o
 .debug_info    0x000003b4      0x7cc firmware/grbl/gcode.o
 .debug_info    0x00000b80      0x53c firmware/grbl/limits.o
 .debug_info    0x000010bc      0x397 firmware/grbl/main.o
 .debug_info    0x00001453      0x53a firmware/grbl/math_soft.o
 .debug_info    0x0000198d      0x739 firmware/grbl/motion_control.o
 .debug_info    0x000020c6      0x1b7 firmware/grbl/nuts_bolts.o
 .debug_info    0x0000227d      0x6e4 firmware/grbl/planner.o
 .debug_info    0x00002961      0x3f8 firmware/grbl/print.o
 .debug_info    0x00002d59      0x335 firmware/grbl/probe.o
 .debug_info    0x0000308e      0x56c firmware/grbl/protocol.o
 .debug_info    0x000035fa      0x70e firmware/grbl/report.o
 .debug_info    0x00003d08      0x2c5 firmware/grbl/serial.o
 .debug_info    0x00003fcd      0x566 firmware/grbl/settings.o
 .debug_info    0x00004533      0x1cd firmware/grbl/spindle_control.o
 .debug_info    0x00004700      0x913 firmware/grbl/stepper.o
 .debug_info    0x00005013      0x5bf firmware/grbl/system.o
 .debug_info    0x000055d2      0x699 firmware/boards/btt_skr_mini_e3_v3_0/clock.o
 .debug_info    0x00005c6b      0x1dc firmware/boards/btt_skr_mini_e3_v3_0/coolant_control_hal.o
 .debug_info    0x00005e47      0x53e firmware/boards/btt_skr_mini_e3_v3_0/eeprom_hal.o
 .debug_info    0x00006385      0x358 firmware/boards/btt_skr_mini_e3_v3_0/hal.o
 .debug_info    0x000066dd       0x5e firmware/boards/btt_skr_mini_e3_v3_0/irq.o
 .debug_info    0x0000673b      0x537 firmware/boards/btt_skr_mini_e3_v3_0/limits_hal.o
 .debug_info    0x00006c72       0xa1 firmware/boards/btt_skr_mini_e3_v3_0/probe_hal.o
 .debug_info    0x00006d13      0x5fd firmware/boards/btt_skr_mini_e3_v3_0/serial_hal.o
 .debug_info    0x00007310      0x1eb firmware/boards/btt_skr_mini_e3_v3_0/spindle_control_hal.o
 .debug_info    0x000074fb       0x47 firmware/boards/btt_skr_mini_e3_v3_0/stepper_hal.o
 .debug_info    0x00007542      0x7f3 firmware/boards/btt_skr_mini_e3_v3_0/timers.o

.debug_abbrev   0x00000000     0x2b33
 .debug_abbrev  0x00000000       0x14 firmware/boards/btt_skr_mini_e3_v3_0/startup.o
 .debug_abbrev  0x00000014       0xfd firmware/grbl/coolant_control.o
 .debug_abbrev  0x00000111       0xf2 firmware/grbl/eeprom.o
 .debug_abbrev  0x00000203      0x1ed firmware/grbl/gcode.o
 .debug_abbrev  0x000003f0      0x1f7 firmware/grbl/limits.o
 .debug_abbrev  0x000005e7      0x102 firmware/grbl/main.o
 .debug_abbrev  0x000006e9       0xe3 firmware/grbl/math_soft.o
 .debug_abbrev  0x000007cc      0x200 firmware/grbl/motion_control.o
 .debug_abbrev  0x000009cc       0xc9 firmware/grbl/nuts_bolts.o
 .debug_abbrev  0x00000a95      0x272 firmware/grbl/planner.o
 .debug_abbrev  0x00000d07      0x133 firmware/grbl/print.o
 .debug_abbrev  0x00000e3a      0x172 firmware/grbl/probe.o
 .debug_abbrev  0x00000fac      0x185 firmware/grbl/protocol.o
 .debug_abbrev  0x00001131      0x216 firmware/grbl/report.o
 .debug_abbrev  0x00001347      0x15c firmware/grbl/serial.o
 .debug_abbrev  0x000014a3      0x214 firmware/grbl/settings.o
 .debug_abbrev  0x000016b7       0xf3 firmware/grbl/spindle_control.o
 .debug_abbrev  0x000017aa      0x1eb firmware/grbl/stepper.o
 .debug_abbrev  0x00001995      0x22f firmware/grbl/system.o
 .debug_abbrev  0x00001bc4      0x1e6 firmware/boards/btt_skr_mini_e3_v3_0/clock.o
 .debug_abbrev  0x00001daa      0x14b firmware/boards/btt_skr_mini_e3_v3_0/coolant_control_hal.o
 .debug_abbrev  0x00001ef5      0x280 firmware/boards/btt_skr_mini_e3_v3_0/eeprom_hal.o
 .debug_abbrev  0x00002175      0x18a firmware/boards/btt_skr_mini_e3_v3_0/hal.o
 .debug_abbrev  0x000022ff       0x3a firmware/boards/btt_skr_mini_e3_v3_0/irq.o
 .debug_abbrev  0x00002339      0x1a3 firmware/boards/btt_skr_mini_e3_v3_0/limits_hal.o
 .debug_abbrev  0x000024dc       0x69 firmware/boards/btt_skr_mini_e3_v3_0/probe_hal.o
 .debug_abbrev  0x00002545      0x221 firmware/boards/btt_skr_mini_e3_v3_0/serial_hal.o
 .debug_abbrev  0x00002766      0x15c firmware/boards/btt_skr_mini_e3_v3_0/spindle_control_hal.o
 .debug_abbrev  0x000028c2       0x2d firmware/boards/btt_skr_mini_e3_v3_0/stepper_hal.o
 .debug_abbrev  0x000028ef      0x244 firmware/boards/btt_skr_mini_e3_v3_0/timers.o

.debug_aranges  0x00000000      0x3c0
 .debug_aranges
                0x00000000       0x20 firmware/boards/btt_skr_mini_e3_v3_0/startup.o
 .debug_aranges
                0x00000020       0x20 firmware/grbl/coolant_control.o
 .debug_aranges
                0x00000040       0x20 firmware/grbl/eeprom.o
 .debug_aranges
                0x00000060       0x20 firmware/grbl/gcode.o
 .debug_aranges
                0x00000080       0x20 firmware/grbl/limits.o
 .debug_aranges
                0x000000a0       0x20 firmware/grbl/main.o
 .debug_aranges
                0x000000c0       0x20 firmware/grbl/math_soft.o
 .debug_aranges
                0x000000e0       0x20 firmware/grbl/motion_control.o
 .debug_aranges
                0x00000100       0x20 firmware/grbl/nuts_bolts.o
 .debug_aranges
                0x00000120       0x20 firmware/grbl/planner.o
 .debug_aranges
                0x00000140       0x20 firmware/grbl/print.o
 .debug_aranges
                0x00000160       0x20 firmware/grbl/probe.o
 .debug_aranges
                0x00000180       0x20 firmware/grbl/protocol.o
 .debug_aranges
                0x000001a0       0x20 firmware/grbl/report.o
 .debug_aranges
                0x000001c0       0x20 firmware/grbl/serial.o
 .debug_aranges
                0x000001e0       0x20 firmware/grbl/settings.o
 .debug_aranges
                0x00000200       0x20 firmware/grbl/spindle_control.o
 .debug_aranges
                0x00000220       0x20 firmware/grbl/stepper.o
 .debug_aranges
                0x00000240       0x20 firmware/grbl/system.o
 .debug_aranges
                0x00000260       0x20 firmware/boards/btt_skr_mini_e3_v3_0/clock.o
 .debug_aranges
                0x00000280       0x20 firmware/boards/btt_skr_mini_e3_v3_0/coolant_control_hal.o
 .debug_aranges
                0x000002a0       0x20 firmware/boards/btt_skr_mini_e3_v3_0/eeprom_hal.o
 .debug_aranges
                0x000002c0       0x20 firmware/boards/btt_skr_mini_e3_v3_0/hal.o
 .debug_aranges
                0x000002e0       0x20 firmware/boards/btt_skr_mini_e3_v3_0/irq.o
 .debug_aranges
                0x00000300       0x20 firmware/boards/btt_skr_mini_e3_v3_0/limits_hal.o
 .debug_aranges
                0x00000320       0x20 firmware/boards/btt_skr_mini_e3_v3_0/probe_hal.o
 .debug_aranges
                0x00000340       0x20 firmware/boards/btt_skr_mini_e3_v3_0/serial_hal.o
 .debug_aranges
                0x00000360       0x20 firmware/boards/btt_skr_mini_e3_v3_0/spindle_control_hal.o
 .debug_aranges
                0x00000380       0x20 firmware/boards/btt_skr_mini_e3_v3_0/stepper_hal.o
 .debug_aranges
                0x000003a0       0x20 firmware/boards/btt_skr_mini_e3_v3_0/timers.o

.debug_str      0x00000000     0x21ed
 .debug_str     0x00000000     0x21ed firmware/boards/btt_skr_mini_e3_v3_0/startup.o
                                 0x61 (size before relaxing)
 .debug_str     0x000021ed      0x24c firmware/grbl/coolant_control.o
 .debug_str     0x000021ed      0x20f firmware/grbl/eeprom.o
 .debug_str     0x000021ed      0x576 firmware/grbl/gcode.o
 .debug_str     0x000021ed      0x4f1 firmware/grbl/limits.o
 .debug_str     0x000021ed      0x3ff firmware/grbl/main.o
 .debug_str     0x000021ed      0x166 firmware/grbl/math_soft.o
 .debug_str     0x000021ed      0x644 firmware/grbl/motion_control.o
 .debug_str     0x000021ed      0x1c6 firmware/grbl/nuts_bolts.o
 .debug_str     0x000021ed      0x61c firmware/grbl/planner.o
 .debug_str     0x000021ed      0x36c firmware/grbl/print.o
 .debug_str     0x000021ed      0x396 firmware/grbl/probe.o
 .debug_str     0x000021ed      0x58d firmware/grbl/protocol.o
 .debug_str     0x000021ed      0x67d firmware/grbl/report.o
 .debug_str     0x000021ed      0x305 firmware/grbl/serial.o
 .debug_str     0x000021ed      0x4f2 firmware/grbl/settings.o
 .debug_str     0x000021ed      0x231 firmware/grbl/spindle_control.o
 .debug_str     0x000021ed      0x848 firmware/grbl/stepper.o
 .debug_str     0x000021ed      0x59e firmware/grbl/system.o
 .debug_str     0x000021ed      0x608 firmware/boards/btt_skr_mini_e3_v3_0/clock.o
 .debug_str     0x000021ed      0x1fc firmware/boards/btt_skr_mini_e3_v3_0/coolant_control_hal.o
 .debug_str     0x000021ed      0x3bb firmware/boards/btt_skr_mini_e3_v3_0/eeprom_hal.o
 .debug_str     0x000021ed      0x2fd firmware/boards/btt_skr_mini_e3_v3_0/hal.o
 .debug_str     0x000021ed       0xf0 firmware/boards/btt_skr_mini_e3_v3_0/irq.o
 .debug_str     0x000021ed      0x362 firmware/boards/btt_skr_mini_e3_v3_0/limits_hal.o
 .debug_str     0x000021ed      0x16f firmware/boards/btt_skr_mini_e3_v3_0/probe_hal.o
 .debug_str     0x000021ed      0x597 firmware/boards/btt_skr_mini_e3_v3_0/serial_hal.o
 .debug_str     0x000021ed      0x1fd firmware/boards/btt_skr_mini_e3_v3_0/spindle_control_hal.o
 .debug_str     0x000021ed       0xe7 firmware/boards/btt_skr_mini_e3_v3_0/stepper_hal.o
 .debug_str     0x000021ed      0x63a firmware/boards/btt_skr_mini_e3_v3_0/timers.o

.debug_frame    0x00000000     0x1e64
 .debug_frame   0x00000000       0x88 firmware/grbl/coolant_control.o
 .debug_frame   0x00000088       0x94 firmware/grbl/eeprom.o
 .debug_frame   0x0000011c       0x94 firmware/grbl/gcode.o
 .debug_frame   0x000001b0       0xc8 firmware/grbl/limits.o
 .debug_frame   0x00000278       0x2c firmware/grbl/main.o
 .debug_frame   0x000002a4      0x300 firmware/grbl/math_soft.o
 .debug_frame   0x000005a4       0xd0 firmware/grbl/motion_control.o
 .debug_frame   0x00000674       0x50 firmware/grbl/nuts_bolts.o
 .debug_frame   0x000006c4      0x184 firmware/grbl/planner.o
 .debug_frame   0x00000848      0x178 firmware/grbl/print.o
 .debug_frame   0x000009c0       0x84 firmware/grbl/probe.o
 .debug_frame   0x00000a44       0xa8 firmware/grbl/protocol.o
 .debug_frame   0x00000aec      0x1ac firmware/grbl/report.o
 .debug_frame   0x00000c98      0x108 firmware/grbl/serial.o
 .debug_frame   0x00000da0      0x1c8 firmware/grbl/settings.o
 .debug_frame   0x00000f68       0x88 firmware/grbl/spindle_control.o
 .debug_frame   0x00000ff0      0x120 firmware/grbl/stepper.o
 .debug_frame   0x00001110       0xf0 firmware/grbl/system.o
 .debug_frame   0x00001200       0xa8 firmware/boards/btt_skr_mini_e3_v3_0/clock.o
 .debug_frame   0x000012a8       0x68 firmware/boards/btt_skr_mini_e3_v3_0/coolant_control_hal.o
 .debug_frame   0x00001310      0x164 firmware/boards/btt_skr_mini_e3_v3_0/eeprom_hal.o
 .debug_frame   0x00001474       0x9c firmware/boards/btt_skr_mini_e3_v3_0/hal.o
 .debug_frame   0x00001510       0x64 firmware/boards/btt_skr_mini_e3_v3_0/irq.o
 .debug_frame   0x00001574       0x80 firmware/boards/btt_skr_mini_e3_v3_0/limits_hal.o
 .debug_frame   0x000015f4       0x48 firmware/boards/btt_skr_mini_e3_v3_0/probe_hal.o
 .debug_frame   0x0000163c       0xa4 firmware/boards/btt_skr_mini_e3_v3_0/serial_hal.o
 .debug_frame   0x000016e0       0x68 firmware/boards/btt_skr_mini_e3_v3_0/spindle_control_hal.o
 .debug_frame   0x00001748       0x48 firmware/boards/btt_skr_mini_e3_v3_0/stepper_hal.o
 .debug_frame   0x00001790      0x184 firmware/boards/btt_skr_mini_e3_v3_0/timers.o
 .debug_frame   0x00001914       0x20 C:/Program Files (x86)/Arm GNU Toolchain arm-none-eabi/14.2 rel1/bin/../lib/gcc/arm-none-eabi/14.2.1/thumb/v6-m/nofp\libgcc.a(_udivsi3.o)
 .debug_frame   0x00001934       0x28 C:/Program Files (x86)/Arm GNU Toolchain arm-none-eabi/14.2 rel1/bin/../lib/gcc/arm-none-eabi/14.2.1/thumb/v6-m/nofp\libgcc.a(_fixunssfsi.o)
 .debug_frame   0x0000195c       0x2c C:/Program Files (x86)/Arm GNU Toolchain arm-none-eabi/14.2 rel1/bin/../lib/gcc/arm-none-eabi/14.2.1/thumb/v6-m/nofp\libgcc.a(_fixunsdfsi.o)
 .debug_frame   0x00001988       0x38 C:/Program Files (x86)/Arm GNU Toolchain arm-none-eabi/14.2 rel1/bin/../lib/gcc/arm-none-eabi/14.2.1/thumb/v6-m/nofp\libgcc.a(addsf3.o)
 .debug_frame   0x000019c0       0x38 C:/Program Files (x86)/Arm GNU Toolchain arm-none-eabi/14.2 rel1/bin/../lib/gcc/arm-none-eabi/14.2.1/thumb/v6-m/nofp\libgcc.a(divsf3.o)
 .debug_frame   0x000019f8       0x2c C:/Program Files (x86)/Arm GNU Toolchain arm-none-eabi/14.2 rel1/bin/../lib/gcc/arm-none-eabi/14.2.1/thumb/v6-m/nofp\libgcc.a(eqsf2.o)
 .debug_frame   0x00001a24       0x2c C:/Program Files (x86)/Arm GNU Toolchain arm-none-eabi/14.2 rel1/bin/../lib/gcc/arm-none-eabi/14.2.1/thumb/v6-m/nofp\libgcc.a(gesf2.o)
 .debug_frame   0x00001a50       0x2c C:/Program Files (x86)/Arm GNU Toolchain arm-none-eabi/14.2 rel1/bin/../lib/gcc/arm-none-eabi/14.2.1/thumb/v6-m/nofp\libgcc.a(lesf2.o)
 .debug_frame   0x00001a7c       0x38 C:/Program Files (x86)/Arm GNU Toolchain arm-none-eabi/14.2 rel1/bin/../lib/gcc/arm-none-eabi/14.2.1/thumb/v6-m/nofp\libgcc.a(mulsf3.o)
 .debug_frame   0x00001ab4       0x38 C:/Program Files (x86)/Arm GNU Toolchain arm-none-eabi/14.2 rel1/bin/../lib/gcc/arm-none-eabi/14.2.1/thumb/v6-m/nofp\libgcc.a(subsf3.o)
 .debug_frame   0x00001aec       0x20 C:/Program Files (x86)/Arm GNU Toolchain arm-none-eabi/14.2 rel1/bin/../lib/gcc/arm-none-eabi/14.2.1/thumb/v6-m/nofp\libgcc.a(fixsfsi.o)
 .debug_frame   0x00001b0c       0x2c C:/Program Files (x86)/Arm GNU Toolchain arm-none-eabi/14.2 rel1/bin/../lib/gcc/arm-none-eabi/14.2.1/thumb/v6-m/nofp\libgcc.a(floatsisf.o)
 .debug_frame   0x00001b38       0x28 C:/Program Files (x86)/Arm GNU Toolchain arm-none-eabi/14.2 rel1/bin/../lib/gcc/arm-none-eabi/14.2.1/thumb/v6-m/nofp\libgcc.a(floatunsisf.o)
 .debug_frame   0x00001b60       0x3c C:/Program Files (x86)/Arm GNU Toolchain arm-none-eabi/14.2 rel1/bin/../lib/gcc/arm-none-eabi/14.2.1/thumb/v6-m/nofp\libgcc.a(adddf3.o)
 .debug_frame   0x00001b9c       0x3c C:/Program Files (x86)/Arm GNU Toolchain arm-none-eabi/14.2 rel1/bin/../lib/gcc/arm-none-eabi/14.2.1/thumb/v6-m/nofp\libgcc.a(divdf3.o)
 .debug_frame   0x00001bd8       0x38 C:/Program Files (x86)/Arm GNU Toolchain arm-none-eabi/14.2 rel1/bin/../lib/gcc/arm-none-eabi/14.2.1/thumb/v6-m/nofp\libgcc.a(eqdf2.o)
 .debug_frame   0x00001c10       0x3c C:/Program Files (x86)/Arm GNU Toolchain arm-none-eabi/14.2 rel1/bin/../lib/gcc/arm-none-eabi/14.2.1/thumb/v6-m/nofp\libgcc.a(gedf2.o)
 .debug_frame   0x00001c4c       0x3c C:/Program Files (x86)/Arm GNU Toolchain arm-none-eabi/14.2 rel1/bin/../lib/gcc/arm-none-eabi/14.2.1/thumb/v6-m/nofp\libgcc.a(ledf2.o)
 .debug_frame   0x00001c88       0x3c C:/Program Files (x86)/Arm GNU Toolchain arm-none-eabi/14.2 rel1/bin/../lib/gcc/arm-none-eabi/14.2.1/thumb/v6-m/nofp\libgcc.a(muldf3.o)
 .debug_frame   0x00001cc4       0x3c C:/Program Files (x86)/Arm GNU Toolchain arm-none-eabi/14.2 rel1/bin/../lib/gcc/arm-none-eabi/14.2.1/thumb/v6-m/nofp\libgcc.a(subdf3.o)
 .debug_frame   0x00001d00       0x30 C:/Program Files (x86)/Arm GNU Toolchain arm-none-eabi/14.2 rel1/bin/../lib/gcc/arm-none-eabi/14.2.1/thumb/v6-m/nofp\libgcc.a(fixdfsi.o)
 .debug_frame   0x00001d30       0x2c C:/Program Files (x86)/Arm GNU Toolchain arm-none-eabi/14.2 rel1/bin/../lib/gcc/arm-none-eabi/14.2.1/thumb/v6-m/nofp\libgcc.a(floatsidf.o)
 .debug_frame   0x00001d5c       0x28 C:/Program Files (x86)/Arm GNU Toolchain arm-none-eabi/14.2 rel1/bin/../lib/gcc/arm-none-eabi/14.2.1/thumb/v6-m/nofp\libgcc.a(floatunsidf.o)
 .debug_frame   0x00001d84       0x2c C:/Program Files (x86)/Arm GNU Toolchain arm-none-eabi/14.2 rel1/bin/../lib/gcc/arm-none-eabi/14.2.1/thumb/v6-m/nofp\libgcc.a(extendsfdf2.o)
 .debug_frame   0x00001db0       0x30 C:/Program Files (x86)/Arm GNU Toolchain arm-none-eabi/14.2 rel1/bin/../lib/gcc/arm-none-eabi/14.2.1/thumb/v6-m/nofp\libgcc.a(truncdfsf2.o)
 .debug_frame   0x00001de0       0x20 C:/Program Files (x86)/Arm GNU Toolchain arm-none-eabi/14.2 rel1/bin/../lib/gcc/arm-none-eabi/14.2.1/thumb/v6-m/nofp\libc.a(libc_a-labs.o)
 .debug_frame   0x00001e00       0x30 C:/Program Files (x86)/Arm GNU Toolchain arm-none-eabi/14.2 rel1/bin/../lib/gcc/arm-none-eabi/14.2.1/thumb/v6-m/nofp\libc.a(libc_a-memset.o)
 .debug_frame   0x00001e30       0x34 C:/Program Files (x86)/Arm GNU Toolchain arm-none-eabi/14.2 rel1/bin/../lib/gcc/arm-none-eabi/14.2.1/thumb/v6-m/nofp\libc.a(libc_a-memcpy-stub.o)

.debug_rnglists
                0x00000000       0x6c
 .debug_rnglists
                0x00000000       0x1c firmware/grbl/gcode.o
 .debug_rnglists
                0x0000001c       0x17 firmware/grbl/motion_control.o
 .debug_rnglists
                0x00000033       0x17 firmware/grbl/settings.o
 .debug_rnglists
                0x0000004a       0x22 firmware/grbl/stepper.o

.debug_line_str
                0x00000000       0xd9
 .debug_line_str
                0x00000000       0xd9 C:/Program Files (x86)/Arm GNU Toolchain arm-none-eabi/14.2 rel1/bin/../lib/gcc/arm-none-eabi/14.2.1/thumb/v6-m/nofp\libgcc.a(_udivsi3.o)
                                 0xcd (size before relaxing)
 .debug_line_str
                0x000000d9       0xcd C:/Program Files (x86)/Arm GNU Toolchain arm-none-eabi/14.2 rel1/bin/../lib/gcc/arm-none-eabi/14.2.1/thumb/v6-m/nofp\libgcc.a(_dvmd_tls.o)
 .debug_line_str
                0x000000d9       0xcd C:/Program Files (x86)/Arm GNU Toolchain arm-none-eabi/14.2 rel1/bin/../lib/gcc/arm-none-eabi/14.2.1/thumb/v6-m/nofp\libgcc.a(_arm_cmpdf2.o)
 .debug_line_str
                0x000000d9       0xcd C:/Program Files (x86)/Arm GNU Toolchain arm-none-eabi/14.2 rel1/bin/../lib/gcc/arm-none-eabi/14.2.1/thumb/v6-m/nofp\libgcc.a(_arm_cmpsf2.o)
 .debug_line_str
                0x000000d9       0xcd C:/Program Files (x86)/Arm GNU Toolchain arm-none-eabi/14.2 rel1/bin/../lib/gcc/arm-none-eabi/14.2.1/thumb/v6-m/nofp\libgcc.a(_clzsi2.o)
